###############################################################################
#                                                                             #
#     IAR Systems AVR Assembler V4.12A/W32 24/Oct/2025  13:27:59              #
#     Copyright 2005 IAR Systems. All rights reserved.                        #
#                                                                             #
#           Target option =  Relative jumps do not wrap                       #
#           Source file   =  E:\sim800Elam2560_bootnew_i2cerr_a7682e\JMP_BOOT.s90#
#           List file     =  E:\sim800Elam2560_bootnew_i2cerr_a7682e\Debug\List\JMP_BOOT.lst#
#           Object file   =  E:\sim800Elam2560_bootnew_i2cerr_a7682e\Debug\Obj\JMP_BOOT.r90#
#           Command line  =  E:\sim800Elam2560_bootnew_i2cerr_a7682e\JMP_BOOT.s90 #
#                            -v5                                              #
#                            -OE:\sim800Elam2560_bootnew_i2cerr_a7682e\Debug\Obj\ #
#                            -s+ -w+ -r -M<>                                  #
#                            -LE:\sim800Elam2560_bootnew_i2cerr_a7682e\Debug\List\ #
#                            -t8 -u_enhancedCore -D__HAS_ENHANCED_CORE__=1    #
#                            -D__HAS_MUL__=1                                  #
#                            -IE:\box\IAR Systems\Embedded Workbench 4.0 Evaluation\avr\INC\ #
#                            -D__MEMORY_MODEL__=2 -D__ATmega2560__=1          #
#                            -D__HAS_ELPM__=1                                 #
#                                                                             #
###############################################################################

      1    000000FF              #include "inc.h"
      2    000000FF              #include "ver_api.h"
      3    000000FF              
      4    000000FF               
      5    00000000               ASEG
      6    00000000               #ifndef version_s_zagruzchk 
      7    00000000                PUBLIC  boot,reload_apl 
      8    000000FF                ORG 0xFF
      9    000000FF 57              db  VERSION_API
     10    00000100                
     11    0003FC00                ORG  0x3FC00
     12    0003FC00                boot: 
     13    0003FC00                
     14    0003FE00                ORG  0x3FE00
     15    0003FE00                reload_apl:   
     16    0003FE00                #endif 
     17    0003FE00              end
##############################
#          CRC:FC6C          #
#        Errors:   0         #
#        Warnings: 0         #
#          Bytes: 1          #
##############################



