################################################################################
#                                                                              #
#      IAR Universal Linker V4.59R/386                                         #
#                                                                              #
#           Link time     =  29/Dec/2022  10:05:40                             #
#           Target CPU    =  A90                                               #
#           List file     =  E:\sim800Elam2560_bootnew\Debug\List\kp7.map      #
#           Output file 1 =  E:\sim800Elam2560_bootnew\Debug\Exe\kp7.a25       #
#                            Format: mpds-code                                 #
#           Command line  =  E:\sim800Elam2560_bootnew\Debug\Obj\Appl_sec.r90  #
#                            E:\sim800Elam2560_bootnew\Debug\Obj\JMP_BOOT.r90  #
#                            E:\sim800Elam2560_bootnew\Debug\Obj\R_flash.r90   #
#                            E:\sim800Elam2560_bootnew\Debug\Obj\at_com4.r90   #
#                            E:\sim800Elam2560_bootnew\Debug\Obj\base1.r90     #
#                            E:\sim800Elam2560_bootnew\Debug\Obj\boot_f_ar2.r9 #
#                            0                                                 #
#                            E:\sim800Elam2560_bootnew\Debug\Obj\bpa.r90       #
#                            E:\sim800Elam2560_bootnew\Debug\Obj\coder.r90     #
#                            E:\sim800Elam2560_bootnew\Debug\Obj\control_tc.r9 #
#                            0                                                 #
#                            E:\sim800Elam2560_bootnew\Debug\Obj\fppp3.r90     #
#                            E:\sim800Elam2560_bootnew\Debug\Obj\fram1.r90     #
#                            E:\sim800Elam2560_bootnew\Debug\Obj\interr4.r90   #
#                            E:\sim800Elam2560_bootnew\Debug\Obj\kd.r90        #
#                            E:\sim800Elam2560_bootnew\Debug\Obj\ldterm1.r90   #
#                            E:\sim800Elam2560_bootnew\Debug\Obj\ledmd.r90     #
#                            E:\sim800Elam2560_bootnew\Debug\Obj\local.r90     #
#                            E:\sim800Elam2560_bootnew\Debug\Obj\logs.r90      #
#                            E:\sim800Elam2560_bootnew\Debug\Obj\main.r90      #
#                            E:\sim800Elam2560_bootnew\Debug\Obj\pins.r90      #
#                            E:\sim800Elam2560_bootnew\Debug\Obj\spvisor.r90   #
#                            E:\sim800Elam2560_bootnew\Debug\Obj\tchmem.r90    #
#                            E:\sim800Elam2560_bootnew\Debug\Obj\util_stk.r90  #
#                            -o E:\sim800Elam2560_bootnew\Debug\Exe\kp7.a25    #
#                            -Fmpds-code -l                                    #
#                            E:\sim800Elam2560_bootnew\Debug\List\kp7.map      #
#                            -xms                                              #
#                            "-IE:\box\IAR Systems\Embedded Workbench 4.0 Eval #
#                            uation\avr\LIB\"                                  #
#                            -f E:\sim800Elam2560\lnkm2560s.xcl                #
#                            (-D_..X_INTVEC_SIZE=E4 -D_..X_FLASH_TEND=FF       #
#                            -D_..X_FLASH_NEND=FFFF -D_..X_FLASH_END=3FFFF     #
#                            -D_..X_SRAM_BASE=e70 -D_..X_SRAM_TEND=100         #
#                            -D_..X_SRAM_END=21FF -D_..X_EEPROM_END=FFF        #
#                            -D_..X_START_MY_SEG=200 -D_..X_END_MY_SEG=e5f     #
#                            -D_..X_START_MY_STACK1=21e0                       #
#                            -D_..X_END_MY_STACK1=21ff                         #
#                            -D_..X_CSTACK_SIZE=100 -D_..X_RSTACK_SIZE=40      #
#                            -D_..X_HEAP_SIZE=0 -D_..X_NEAR_HEAP_SIZE=20       #
#                            -D_..X_EXT_SRAM_BASE=_..X_SRAM_BASE               #
#                            -D_..X_EXT_SRAM_END=_..X_SRAM_END                 #
#                            -D_..X_EXT_EPROM_BASE=_..X_SRAM_BASE              #
#                            -D_..X_EXT_EPROM_END=_..X_SRAM_END                #
#                            -D_..X_EXT_EEPROM_BASE=_..X_SRAM_BASE             #
#                            -D_..X_EXT_EEPROM_END=_..X_SRAM_END -ca90         #
#                            -Z(CODE)INTVEC=0-(_..X_INTVEC_SIZE-1) -H1895      #
#                            -h(CODE)0-_..X_INTVEC_SIZE                        #
#                            -Z(CODE)TINY_F=_..X_INTVEC_SIZE-_..X_FLASH_TEND   #
#                            -Z(CODE)NEAR_F,SWITCH,DIFUNCT=_..X_INTVEC_SIZE-_. #
#                            .X_FLASH_NEND                                     #
#                            -Z(CODE)CODE=_..X_INTVEC_SIZE-_..X_FLASH_END      #
#                            -P(CODE)FAR_F=[_..X_INTVEC_SIZE-_..X_FLASH_END]/1 #
#                            0000                                              #
#                            -Z(CODE)HUGE_F,INITTAB=_..X_INTVEC_SIZE-_..X_FLAS #
#                            H_END                                             #
#                            -Z(CODE)NEAR_ID,FARCODE=_..X_INTVEC_SIZE-_..X_FLA #
#                            SH_END                                            #
#                            -Z(CODE)CHECKSUM#_..X_FLASH_END                   #
#                            -Z(DATA)NEAR_I,NEAR_Z=_..X_SRAM_BASE-_..X_SRAM_EN #
#                            D,_..X_EXT_SRAM_BASE-_..X_EXT_SRAM_END            #
#                            -Z(DATA)MY_SEG=_..X_START_MY_SEG-_..X_END_MY_SEG  #
#                            -Z(DATA)MY_STACK1=_..X_START_MY_STACK1-_..X_END_M #
#                            Y_STACK1                                          #
#                            -Z(DATA)RSTACK+_..X_RSTACK_SIZE=_..X_SRAM_BASE-_. #
#                            .X_SRAM_END                                       #
#                            -Z(DATA)CSTACK+_..X_CSTACK_SIZE=_..X_SRAM_BASE-_. #
#                            .X_SRAM_END                                       #
#                            -Z(DATA)HEAP+_..X_HEAP_SIZE=_..X_SRAM_BASE-_..X_S #
#                            RAM_END,_..X_EXT_SRAM_BASE-_..X_EXT_SRAM_END      #
#                            -Z(DATA)IOSTREAM_N#_..X_SRAM_BASE-_..X_SRAM_END,_ #
#                            ..X_EXT_SRAM_BASE-_..X_EXT_SRAM_END               #
#                            -Z(DATA)NEAR_HEAP+_..X_NEAR_HEAP_SIZE=_..X_SRAM_B #
#                            ASE-_..X_SRAM_END,_..X_EXT_SRAM_BASE-_..X_EXT_SRA #
#                            M_END                                             #
#                            -Z(XDATA)EEPROM_I,EEPROM_N=0-_..X_EEPROM_END      #
#                            -Z(CONST)NEAR_C=_..X_EXT_EPROM_BASE-_..X_EXT_EPRO #
#                            M_END                                             #
#                            -Z(DATA)NEAR_N=_..X_EXT_EEPROM_BASE-_..X_EXT_EEPR #
#                            OM_END                                            #
#                            -e_PrintfSmall=_Printf                            #
#                            -e_small_write=_formatted_write                   #
#                            -e_small_write_P=_formatted_write_P               #
#                            -e_ScanfSmall=_Scanf                              #
#                            -e_medium_read=_formatted_read                    #
#                            -e_medium_read_P=_formatted_read_P -w29) -s       #
#                            __program_start                                   #
#                            "E:\box\IAR Systems\Embedded Workbench 4.0 Evalua #
#                            tion\avr\LIB\DLIB\dlAVR-5s-ec-n.r90"              #
#                                                                              #
#                        Copyright 1987-2005 IAR Systems. All rights reserved. #
################################################################################





                ****************************************
                *                                      *
                *           CROSS REFERENCE            *
                *                                      *
                ****************************************

       Program entry at : CODE      00000000  Relocatable, from module : ?RESET




                ****************************************
                *                                      *
                *            RUNTIME MODEL             *
                *                                      *
                ****************************************

  EEPROM_SIZE            = 2
  R10                    = REG
  R11                    = REG
  R12                    = REG
  R13                    = REG
  R14                    = REG
  R15                    = REG
  R4                     = REG
  R5                     = REG
  R6                     = REG
  R7                     = REG
  R8                     = REG
  R9                     = REG
  __64bit_doubles        = disabled
  __cpu                  = 5
  __cpu_name             = ATmega2560
  __dlib_file_descriptor = 0
  __enhanced_core        = enabled
  __has_elpm             = true
  __memory_model         = 2
  __no_rampd             = enabled
  __rt_version           = 3



                ****************************************
                *                                      *
                *              MODULE MAP              *
                *                                      *
                ****************************************


  DEFINED ABSOLUTE ENTRIES
  PROGRAM MODULE, NAME : ?ABS_ENTRY_MOD

Absolute parts
           ENTRY                   ADDRESS         REF BY
           =====                   =======         ======
           _..X_EXT_EEPROM_END     000021FF 
           _..X_EXT_EEPROM_BASE    00000E70 
           _..X_EXT_EPROM_END      000021FF 
           _..X_EXT_EPROM_BASE     00000E70 
           _..X_EXT_SRAM_END       000021FF 
           _..X_EXT_SRAM_BASE      00000E70 
           _..X_NEAR_HEAP_SIZE     00000020 
           _..X_HEAP_SIZE          00000000 
           _..X_RSTACK_SIZE        00000040 
           _..X_CSTACK_SIZE        00000100 
           _..X_END_MY_STACK1      000021FF 
           _..X_START_MY_STACK1    000021E0 
           _..X_END_MY_SEG         00000E5F 
           _..X_START_MY_SEG       00000200 
           _..X_EEPROM_END         00000FFF 
           _..X_SRAM_END           000021FF 
           _..X_SRAM_TEND          00000100 
           _..X_SRAM_BASE          00000E70 
           _..X_FLASH_END          0003FFFF 
           _..X_FLASH_NEND         0000FFFF 
           _..X_FLASH_TEND         000000FF 
           _..X_INTVEC_SIZE        000000E4 
    *************************************************************************

  FILE NAME : E:\sim800Elam2560_bootnew\Debug\Obj\Appl_sec.r90
  PROGRAM MODULE, NAME : Appl_sec

  SEGMENTS IN THE MODULE
  ======================
FARCODE
  Relative segment, address: CODE 000020B0 - 000021D7 (0x128 bytes), align: 1
  Segment part 10.
           ENTRY                   ADDRESS         REF BY
           =====                   =======         ======
           write_to_buf            000020B0        ?Subroutine89 (base1)
                                                   monitor_change_state (base1)
               calls direct
               stack 1 = 00000000 ( 0000001A )
               stack 2 = 00000000 ( 00000003 )
    -------------------------------------------------------------------------
FARCODE
  Relative segment, address: CODE 000021D8 - 000021DB (0x4 bytes), align: 1
  Segment part 11.            Intra module refs:   read_from_buf
                                                   write_to_buf
           LOCAL                   ADDRESS         
           =====                   =======         
           ?Subroutine5            000021D8 
    -------------------------------------------------------------------------
FARCODE
  Relative segment, address: CODE 000021DC - 000021F3 (0x18 bytes), align: 1
  Segment part 12.            Intra module refs:   write_to_buf
           LOCAL                   ADDRESS         
           =====                   =======         
           ?Subroutine0            000021DC 
    -------------------------------------------------------------------------
FARCODE
  Relative segment, address: CODE 000021F4 - 000021F9 (0x6 bytes), align: 1
  Segment part 13.            Intra module refs:   ?Subroutine0
                                                   ?Subroutine1
           LOCAL                   ADDRESS         
           =====                   =======         
           ?Subroutine6            000021F4 
    -------------------------------------------------------------------------
FARCODE
  Relative segment, address: CODE 000021FA - 0000228D (0x94 bytes), align: 1
  Segment part 14.
           ENTRY                   ADDRESS         REF BY
           =====                   =======         ======
           read_from_buf           000021FA        Application_SEQ_tx (base1)
               calls direct
               stack 1 = 00000000 ( 00000016 )
               stack 2 = 00000000 ( 00000003 )
    -------------------------------------------------------------------------
FARCODE
  Relative segment, address: CODE 0000228E - 00002293 (0x6 bytes), align: 1
  Segment part 15.            Intra module refs:   read_from_buf
                                                   write_to_buf
           LOCAL                   ADDRESS         
           =====                   =======         
           ?Subroutine4            0000228E 
    -------------------------------------------------------------------------
FARCODE
  Relative segment, address: CODE 00002294 - 00002299 (0x6 bytes), align: 1
  Segment part 16.            Intra module refs:   read_from_buf
                                                   write_to_buf
           LOCAL                   ADDRESS         
           =====                   =======         
           ?Subroutine3            00002294 
    -------------------------------------------------------------------------
FARCODE
  Relative segment, address: CODE 0000229A - 000022A5 (0xc bytes), align: 1
  Segment part 17.            Intra module refs:   read_from_buf
                                                   write_to_buf
           LOCAL                   ADDRESS         
           =====                   =======         
           ?Subroutine2            0000229A 
    -------------------------------------------------------------------------
FARCODE
  Relative segment, address: CODE 000022A6 - 000022BF (0x1a bytes), align: 1
  Segment part 18.            Intra module refs:   read_from_buf
           LOCAL                   ADDRESS         
           =====                   =======         
           ?Subroutine1            000022A6 
    -------------------------------------------------------------------------
ABSOLUTE
  Relative segment, address: DATA 0000001F, align: 0
  Segment part 1. ROOT.
           ENTRY                   ADDRESS         REF BY
           =====                   =======         ======
           __?EECR                 0000001F        Segment part 0 (?EEPROM_16)
                                                   Segment part 1 (?EEPROM_16)
                                                   Segment part 8 (?EEPROM_16)
    -------------------------------------------------------------------------
ABSOLUTE
  Relative segment, address: DATA 00000020, align: 0
  Segment part 2. ROOT.
           ENTRY                   ADDRESS         REF BY
           =====                   =======         ======
           __?EEDR                 00000020        __eeget8_16 (?EEPROM_16)
                                                   __eeput8_16 (?EEPROM_16)
    -------------------------------------------------------------------------
ABSOLUTE
  Relative segment, address: DATA 00000021, align: 0
  Segment part 3. ROOT.
           ENTRY                   ADDRESS         REF BY
           =====                   =======         ======
           __?EEARL                00000021        Segment part 1 (?EEPROM_16)
                                                   Segment part 8 (?EEPROM_16)
    -------------------------------------------------------------------------
ABSOLUTE
  Relative segment, address: DATA 00000022, align: 0
  Segment part 4. ROOT.
           ENTRY                   ADDRESS         REF BY
           =====                   =======         ======
           __?EEARH                00000022        Segment part 1 (?EEPROM_16)
                                                   Segment part 8 (?EEPROM_16)
    -------------------------------------------------------------------------
INITTAB
  Relative segment, address: CODE 00001F12 - 00001F18 (0x7 bytes), align: 0
  Segment part 8.             Intra module refs:   Appl_RS232_2_data_buf (base1)
                                                   Appl_RS485_1_data_buf (base1)
                                                   Appl_RS485_2_data_buf (base1)
                                                   Appl_seq_buf (base1)
                                                   At_com (at_com4)
                                                   Buf1_rx_ppp (base1)
                                                   Buf2_rx_ppp (base1)
                                                   Regim (ldterm1)
                                                   Segment part 11 (control_tc)
                                                   Segment part 13 (tchmem)
                                                   Segment part 16 (at_com4)
                                                   Segment part 19 (local)
                                                   Segment part 24 (fppp3)
                                                   Segment part 26 (fppp3)
                                                   Segment part 27 (fppp3)
                                                   Segment part 28 (fppp3)
                                                   Segment part 37 (ldterm1)
                                                   Segment part 41 (fppp3)
                                                   Segment part 43 (fppp3)
                                                   Segment part 47 (interr4)
                                                   Segment part 49 (interr4)
                                                   Segment part 54 (interr4)
                                                   Segment part 55 (base1)
                                                   Segment part 55 (interr4)
                                                   Segment part 57 (base1)
                                                   Segment part 6 (?rand)
                                                   Segment part 62 (base1)
                                                   Segment part 64 (base1)
                                                   Segment part 67 (base1)
                                                   Segment part 71 (base1)
                                                   Segment part 8 (control_tc)
                                                   Segment part 9 (kd)
                                                   Segment part 9 (ledmd)
                                                   arr_tii_32 (local)
                                                   bpa (bpa)
                                                   buf_tx_232 (base1)
                                                   c1_byte (local)
                                                   c2_byte (local)
                                                   c_config_tc (control_tc)
                                                   cnt_ip_tm_cntr (fppp3)
                                                   cnt_key_off (base1)
                                                   cnt_moto (local)
                                                   cnt_pap_tm_out (fppp3)
                                                   cnt_rst_lcp (fppp3)
                                                   cnt_rst_pap (fppp3)
                                                   cnt_rx1 (pins)
                                                   cnt_supervosor (spvisor)
                                                   emei (at_com4)
                                                   emei_emei (at_com4)
                                                   errno (?errno)
                                                   i_scj_ipcp (fppp3)
                                                   i_scj_lcp (fppp3)
                                                   i_sta_ipcp (fppp3)
                                                   i_sta_lcp (fppp3)
                                                   i_str_ipcp (fppp3)
                                                   i_str_lcp (fppp3)
                                                   keys (ldterm1)
                                                   modbus_mem1 (interr4)
                                                   old_realsec (local)
                                                   point_log_buf (logs)
                                                   real_time (fram1)
                                                   start_ttii (local)
                                                   term (ldterm1)
                                                   test_mtc (ldterm1)
                                                   tim_prihod_uhod (tchmem)
                                                   timer_tii (local)
           ENTRY                   ADDRESS         REF BY
           =====                   =======         ======
           ?<Segment init: NEAR_Z>
                                   00001F12 

    *************************************************************************

  FILE NAME : E:\sim800Elam2560_bootnew\Debug\Obj\JMP_BOOT.r90
    *************************************************************************

  FILE NAME : E:\sim800Elam2560_bootnew\Debug\Obj\R_flash.r90
  PROGRAM MODULE, NAME : R_flash

  SEGMENTS IN THE MODULE
  ======================
CODE
  Relative segment, address: CODE 00000D2A - 00000D55 (0x2c bytes), align: 1
  Segment part 0. ROOT.
           ENTRY                   ADDRESS         REF BY
           =====                   =======         ======
           r_p_flash               00000D2A        proc_udp_data (fppp3)
           LOCAL                   ADDRESS         
           =====                   =======         
           Readloop                00000D3E 

    *************************************************************************

  FILE NAME : E:\sim800Elam2560_bootnew\Debug\Obj\at_com4.r90
  PROGRAM MODULE, NAME : at_com4

  SEGMENTS IN THE MODULE
  ======================
ABSOLUTE
  Relative segment, address: DATA 00000136 - 00000136 (0x1 bytes), align: 0
  Segment part 1. ROOT.
           ENTRY                   ADDRESS         REF BY
           =====                   =======         ======
           _A_UDR3                 00000136 
    -------------------------------------------------------------------------
ABSOLUTE
  Relative segment, address: DATA 000000C6 - 000000C6 (0x1 bytes), align: 0
  Segment part 2. ROOT.
           ENTRY                   ADDRESS         REF BY
           =====                   =======         ======
           _A_UDR0                 000000C6 
    -------------------------------------------------------------------------
ABSOLUTE
  Relative segment, address: DATA 000000C1 - 000000C1 (0x1 bytes), align: 0
  Segment part 3. ROOT.
           ENTRY                   ADDRESS         REF BY
           =====                   =======         ======
           _A_UCSR0B               000000C1 
    -------------------------------------------------------------------------
ABSOLUTE
  Relative segment, address: DATA 0000002C - 0000002C (0x1 bytes), align: 0
  Segment part 4. ROOT.
           ENTRY                   ADDRESS         REF BY
           =====                   =======         ======
           _A_PINE                 0000002C 
    -------------------------------------------------------------------------
ABSOLUTE
  Relative segment, address: DATA 00000028 - 00000028 (0x1 bytes), align: 0
  Segment part 5. ROOT.
           ENTRY                   ADDRESS         REF BY
           =====                   =======         ======
           _A_PORTC                00000028 
    -------------------------------------------------------------------------
NEAR_F
  Relative segment, address: CODE 00000100 - 0000013D (0x3e bytes), align: 0
  Segment part 15.            Intra module refs:   at_com_rx
           ENTRY                   ADDRESS         REF BY
           =====                   =======         ======
           stm_pin1_err            0000011E 
           stm_pin1_ok             00000100 
           stm_pin2_err            0000012E 
           stm_pin2_ok             0000010F 
    -------------------------------------------------------------------------
NEAR_Z
  Relative segment, address: DATA 00001000 - 00001018 (0x19 bytes), align: 0
  Segment part 16.            Intra module refs:   ?Subroutine25
                                                   ?Subroutine27
                                                   at_com_rx
                                                   at_com_tx
                                                   check_rx_ok
                                                   init_scen_stm_si
           ENTRY                   ADDRESS         REF BY
           =====                   =======         ======
           cnt_com                 00001014        ?Subroutine226 (base1)
           csq                     00001000        ret_version (ldterm1)
           fl_at_com               00001018        TIMER2_COMPA_interrupt (interr4)
                                                   USART0_RX_interrupt (interr4)
           fl_conf_modem           00001017 
           rep                     00001015        ?Subroutine226 (base1)
           speed_modem             00001016 
    -------------------------------------------------------------------------
NEAR_Z
  Relative segment, address: DATA 00001019 - 00001040 (0x28 bytes), align: 0
  Segment part 18.            Intra module refs:   at_com_rx
           ENTRY                   ADDRESS         REF BY
           =====                   =======         ======
           emei                    00001019        ret_version (ldterm1)
    -------------------------------------------------------------------------
NEAR_Z
  Relative segment, address: DATA 00001041 - 00001068 (0x28 bytes), align: 0
  Segment part 19.            Intra module refs:   at_com_rx
           ENTRY                   ADDRESS         REF BY
           =====                   =======         ======
           emei_emei               00001041        ret_version (ldterm1)
    -------------------------------------------------------------------------
NEAR_Z
  Relative segment, address: DATA 00001069 - 000010AD (0x45 bytes), align: 0
  Segment part 20.            Intra module refs:   ?Subroutine27
                                                   at_com_rx
                                                   at_com_scen_init
                                                   at_com_scen_stm_dc_1
                                                   at_com_scen_stm_sc
                                                   at_com_tx
                                                   check_rx_ok
                                                   init_scen_stm_si
                                                   sending_at_pac
           ENTRY                   ADDRESS         REF BY
           =====                   =======         ======
           At_com                  00001069        TIMER2_COMPA_interrupt (interr4)
                                                   USART0_RX_interrupt (interr4)
    -------------------------------------------------------------------------
FARCODE
  Relative segment, address: CODE 000022C0 - 0000231F (0x60 bytes), align: 1
  Segment part 22.
           ENTRY                   ADDRESS         REF BY
           =====                   =======         ======
           sending_at_pac          000022C0        USART0_TX_interrupt (interr4)
               stack 1 = 00000000 ( 00000000 )
               stack 2 = 00000000 ( 00000003 )
    -------------------------------------------------------------------------
FARCODE
  Relative segment, address: CODE 00002320 - 00002569 (0x24a bytes), align: 1
  Segment part 23.            Intra module refs:   Segment part 71
           ENTRY                   ADDRESS         REF BY
           =====                   =======         ======
           at_com_tx               00002320        ?Subroutine226 (base1)
               calls direct
               stack 1 = 00000000 ( 00000006 )
               stack 2 = 00000000 ( 00000003 )
    -------------------------------------------------------------------------
FARCODE
  Relative segment, address: CODE 0000256A - 0000256F (0x6 bytes), align: 1
  Segment part 24.            Intra module refs:   at_com_tx
                                                   init_scen_stm_si
           LOCAL                   ADDRESS         
           =====                   =======         
           ?Subroutine36           0000256A 
    -------------------------------------------------------------------------
FARCODE
  Relative segment, address: CODE 00002570 - 0000257B (0xc bytes), align: 1
  Segment part 25.            Intra module refs:   at_com_tx
           LOCAL                   ADDRESS         
           =====                   =======         
           ?Subroutine22           00002570 
    -------------------------------------------------------------------------
FARCODE
  Relative segment, address: CODE 0000257C - 0000258B (0x10 bytes), align: 1
  Segment part 26.            Intra module refs:   at_com_tx
           LOCAL                   ADDRESS         
           =====                   =======         
           ?Subroutine21           0000257C 
    -------------------------------------------------------------------------
FARCODE
  Relative segment, address: CODE 0000258C - 0000259B (0x10 bytes), align: 1
  Segment part 27.            Intra module refs:   at_com_tx
           LOCAL                   ADDRESS         
           =====                   =======         
           ?Subroutine20           0000258C 
    -------------------------------------------------------------------------
FARCODE
  Relative segment, address: CODE 0000259C - 000025B5 (0x1a bytes), align: 1
  Segment part 28.            Intra module refs:   at_com_tx
           LOCAL                   ADDRESS         
           =====                   =======         
           ?Subroutine19           0000259C 
    -------------------------------------------------------------------------
FARCODE
  Relative segment, address: CODE 000025B6 - 000025CB (0x16 bytes), align: 1
  Segment part 29.            Intra module refs:   at_com_tx
           LOCAL                   ADDRESS         
           =====                   =======         
           ?Subroutine18           000025B6 
    -------------------------------------------------------------------------
FARCODE
  Relative segment, address: CODE 000025CC - 000025D1 (0x6 bytes), align: 1
  Segment part 30.            Intra module refs:   at_com_tx
           LOCAL                   ADDRESS         
           =====                   =======         
           ?Subroutine17           000025CC 
    -------------------------------------------------------------------------
FARCODE
  Relative segment, address: CODE 000025D2 - 000025D7 (0x6 bytes), align: 1
  Segment part 31.            Intra module refs:   at_com_tx
           LOCAL                   ADDRESS         
           =====                   =======         
           ?Subroutine8            000025D2 
    -------------------------------------------------------------------------
FARCODE
  Relative segment, address: CODE 000025D8 - 000025E5 (0xe bytes), align: 1
  Segment part 32.            Intra module refs:   at_com_tx
           LOCAL                   ADDRESS         
           =====                   =======         
           ?Subroutine7            000025D8 
    -------------------------------------------------------------------------
FARCODE
  Relative segment, address: CODE 000025E6 - 000025EF (0xa bytes), align: 1
  Segment part 33.            Intra module refs:   at_com_tx
           LOCAL                   ADDRESS         
           =====                   =======         
           ?Subroutine6            000025E6 
    -------------------------------------------------------------------------
FARCODE
  Relative segment, address: CODE 000025F0 - 000025F3 (0x4 bytes), align: 1
  Segment part 34.            Intra module refs:   ?Subroutine4
                                                   ?Subroutine6
           LOCAL                   ADDRESS         
           =====                   =======         
           ?Subroutine33           000025F0 
    -------------------------------------------------------------------------
FARCODE
  Relative segment, address: CODE 000025F4 - 000025FD (0xa bytes), align: 1
  Segment part 35.            Intra module refs:   at_com_tx
                                                   sending_at_pac
           LOCAL                   ADDRESS         
           =====                   =======         
           ?Subroutine5            000025F4 
    -------------------------------------------------------------------------
FARCODE
  Relative segment, address: CODE 000025FE - 00002605 (0x8 bytes), align: 1
  Segment part 36.            Intra module refs:   at_com_tx
           LOCAL                   ADDRESS         
           =====                   =======         
           ?Subroutine4            000025FE 
    -------------------------------------------------------------------------
FARCODE
  Relative segment, address: CODE 00002606 - 00002627 (0x22 bytes), align: 1
  Segment part 37.            Intra module refs:   at_com_tx
           LOCAL                   ADDRESS         
           =====                   =======         
           ?Subroutine1            00002606 
    -------------------------------------------------------------------------
FARCODE
  Relative segment, address: CODE 00002628 - 0000262B (0x4 bytes), align: 1
  Segment part 38.            Intra module refs:   ?Subroutine1
           LOCAL                   ADDRESS         
           =====                   =======         
           ?Subroutine34           00002628 
    -------------------------------------------------------------------------
FARCODE
  Relative segment, address: CODE 0000262C - 0000266D (0x42 bytes), align: 1
  Segment part 39.            Intra module refs:   at_com_rx
           ENTRY                   ADDRESS         REF BY
           =====                   =======         ======
           check_rx_ok             0000262C 
               stack 1 = 00000000 ( 00000000 )
               stack 2 = 00000000 ( 00000003 )
    -------------------------------------------------------------------------
FARCODE
  Relative segment, address: CODE 0000266E - 00002675 (0x8 bytes), align: 1
  Segment part 40.            Intra module refs:   ?Subroutine0
                                                   ?Subroutine12
                                                   at_com_scen_init
                                                   at_com_scen_stm_dc_1
                                                   at_com_scen_stm_sc
                                                   check_rx_ok
           LOCAL                   ADDRESS         
           =====                   =======         
           ?Subroutine32           0000266E 
    -------------------------------------------------------------------------
FARCODE
  Relative segment, address: CODE 00002676 - 00002861 (0x1ec bytes), align: 1
  Segment part 41.
           ENTRY                   ADDRESS         REF BY
           =====                   =======         ======
           at_com_rx               00002676        ?Subroutine226 (base1)
               calls direct
               stack 1 = 00000000 ( 00000004 )
               stack 2 = 00000000 ( 00000003 )
    -------------------------------------------------------------------------
FARCODE
  Relative segment, address: CODE 00002862 - 0000286B (0xa bytes), align: 1
  Segment part 42.            Intra module refs:   at_com_rx
           LOCAL                   ADDRESS         
           =====                   =======         
           ?Subroutine28           00002862 
    -------------------------------------------------------------------------
FARCODE
  Relative segment, address: CODE 0000286C - 00002877 (0xc bytes), align: 1
  Segment part 43.            Intra module refs:   at_com_rx
           LOCAL                   ADDRESS         
           =====                   =======         
           ?Subroutine24           0000286C 
    -------------------------------------------------------------------------
FARCODE
  Relative segment, address: CODE 00002878 - 0000287F (0x8 bytes), align: 1
  Segment part 44.            Intra module refs:   at_com_rx
                                                   check_rx_ok
           LOCAL                   ADDRESS         
           =====                   =======         
           ?Subroutine15           00002878 
    -------------------------------------------------------------------------
FARCODE
  Relative segment, address: CODE 00002880 - 0000288D (0xe bytes), align: 1
  Segment part 45.            Intra module refs:   at_com_rx
                                                   check_rx_ok
           LOCAL                   ADDRESS         
           =====                   =======         
           ?Subroutine14           00002880 
    -------------------------------------------------------------------------
FARCODE
  Relative segment, address: CODE 0000288E - 00002893 (0x6 bytes), align: 1
  Segment part 46.            Intra module refs:   at_com_rx
                                                   check_rx_ok
           LOCAL                   ADDRESS         
           =====                   =======         
           ?Subroutine13           0000288E 
    -------------------------------------------------------------------------
FARCODE
  Relative segment, address: CODE 00002894 - 0000289B (0x8 bytes), align: 1
  Segment part 47.            Intra module refs:   at_com_rx
           LOCAL                   ADDRESS         
           =====                   =======         
           ?Subroutine10           00002894 
    -------------------------------------------------------------------------
FARCODE
  Relative segment, address: CODE 0000289C - 000028A3 (0x8 bytes), align: 1
  Segment part 48.            Intra module refs:   at_com_rx
           LOCAL                   ADDRESS         
           =====                   =======         
           ?Subroutine9            0000289C 
    -------------------------------------------------------------------------
FARCODE
  Relative segment, address: CODE 000028A4 - 00002965 (0xc2 bytes), align: 1
  Segment part 49.
           ENTRY                   ADDRESS         REF BY
           =====                   =======         ======
           at_com_scen_init        000028A4        modem_engine (base1)
               stack 1 = 00000000 ( 00000000 )
               stack 2 = 00000000 ( 00000003 )
    -------------------------------------------------------------------------
FARCODE
  Relative segment, address: CODE 00002966 - 0000296B (0x6 bytes), align: 1
  Segment part 50.            Intra module refs:   at_com_scen_init
           LOCAL                   ADDRESS         
           =====                   =======         
           ?Subroutine16           00002966 
    -------------------------------------------------------------------------
FARCODE
  Relative segment, address: CODE 0000296C - 00002971 (0x6 bytes), align: 1
  Segment part 51.            Intra module refs:   at_com_scen_init
                                                   at_com_scen_stm_dc_1
                                                   at_com_scen_stm_sc
           LOCAL                   ADDRESS         
           =====                   =======         
           ?Subroutine2            0000296C 
    -------------------------------------------------------------------------
FARCODE
  Relative segment, address: CODE 00002972 - 00002975 (0x4 bytes), align: 1
  Segment part 52.            Intra module refs:   ?Subroutine2
           LOCAL                   ADDRESS         
           =====                   =======         
           ?Subroutine35           00002972 
    -------------------------------------------------------------------------
FARCODE
  Relative segment, address: CODE 00002976 - 00002983 (0xe bytes), align: 1
  Segment part 53.            Intra module refs:   at_com_scen_init
           LOCAL                   ADDRESS         
           =====                   =======         
           ?Subroutine0            00002976 
    -------------------------------------------------------------------------
FARCODE
  Relative segment, address: CODE 00002984 - 00002A53 (0xd0 bytes), align: 1
  Segment part 54.
           ENTRY                   ADDRESS         REF BY
           =====                   =======         ======
           init_scen_stm_si        00002984        modem_engine (base1)
               calls direct
               stack 1 = 00000000 ( 0000000A )
               stack 2 = 00000000 ( 00000003 )
    -------------------------------------------------------------------------
FARCODE
  Relative segment, address: CODE 00002A54 - 00002A5D (0xa bytes), align: 1
  Segment part 55.
           ENTRY                   ADDRESS         REF BY
           =====                   =======         ======
           init_scen_stm_sc        00002A54        modem_engine (base1)
               stack 1 = 00000000 ( 00000000 )
               stack 2 = 00000000 ( 00000003 )
    -------------------------------------------------------------------------
FARCODE
  Relative segment, address: CODE 00002A5E - 00002AAB (0x4e bytes), align: 1
  Segment part 56.
           ENTRY                   ADDRESS         REF BY
           =====                   =======         ======
           at_com_scen_stm_sc      00002A5E        modem_engine (base1)
               stack 1 = 00000000 ( 00000000 )
               stack 2 = 00000000 ( 00000003 )
    -------------------------------------------------------------------------
FARCODE
  Relative segment, address: CODE 00002AAC - 00002AB5 (0xa bytes), align: 1
  Segment part 57.            Intra module refs:   at_com_scen_init
                                                   at_com_scen_stm_dc_1
                                                   at_com_scen_stm_sc
           LOCAL                   ADDRESS         
           =====                   =======         
           ?Subroutine29           00002AAC 
    -------------------------------------------------------------------------
FARCODE
  Relative segment, address: CODE 00002AB6 - 00002ABF (0xa bytes), align: 1
  Segment part 58.            Intra module refs:   at_com_scen_init
                                                   at_com_scen_stm_dc_1
                                                   at_com_scen_stm_sc
           LOCAL                   ADDRESS         
           =====                   =======         
           ?Subroutine26           00002AB6 
    -------------------------------------------------------------------------
FARCODE
  Relative segment, address: CODE 00002AC0 - 00002AC7 (0x8 bytes), align: 1
  Segment part 59.            Intra module refs:   at_com_scen_init
                                                   at_com_scen_stm_dc_1
                                                   at_com_scen_stm_sc
           LOCAL                   ADDRESS         
           =====                   =======         
           ?Subroutine25           00002AC0 
    -------------------------------------------------------------------------
FARCODE
  Relative segment, address: CODE 00002AC8 - 00002ACD (0x6 bytes), align: 1
  Segment part 60.            Intra module refs:   at_com_scen_init
                                                   at_com_scen_stm_dc_1
                                                   at_com_scen_stm_sc
           LOCAL                   ADDRESS         
           =====                   =======         
           ?Subroutine12           00002AC8 
    -------------------------------------------------------------------------
FARCODE
  Relative segment, address: CODE 00002ACE - 00002AE3 (0x16 bytes), align: 1
  Segment part 61.
           ENTRY                   ADDRESS         REF BY
           =====                   =======         ======
           init_scen_stm_dc_1      00002ACE        modem_engine (base1)
               stack 1 = 00000000 ( 00000000 )
               stack 2 = 00000000 ( 00000003 )
    -------------------------------------------------------------------------
FARCODE
  Relative segment, address: CODE 00002AE4 - 00002AF9 (0x16 bytes), align: 1
  Segment part 62.            Intra module refs:   init_scen_stm_dc_1
                                                   init_scen_stm_sc
           LOCAL                   ADDRESS         
           =====                   =======         
           ?Subroutine27           00002AE4 
    -------------------------------------------------------------------------
FARCODE
  Relative segment, address: CODE 00002AFA - 00002B13 (0x1a bytes), align: 1
  Segment part 63.            Intra module refs:   init_scen_stm_dc_1
                                                   init_scen_stm_sc
           LOCAL                   ADDRESS         
           =====                   =======         
           ?Subroutine23           00002AFA 
    -------------------------------------------------------------------------
FARCODE
  Relative segment, address: CODE 00002B14 - 00002BA1 (0x8e bytes), align: 1
  Segment part 64.
           ENTRY                   ADDRESS         REF BY
           =====                   =======         ======
           at_com_scen_stm_dc_1    00002B14        modem_engine (base1)
               stack 1 = 00000000 ( 00000000 )
               stack 2 = 00000000 ( 00000003 )
    -------------------------------------------------------------------------
NEAR_ID
  Relative segment, address: CODE 00001F20 - 00002001 (0xe2 bytes), align: 0
  Segment part 13.            Intra module refs:   Segment part 12
    -------------------------------------------------------------------------
INITTAB
  Relative segment, address: CODE 00001F19 - 00001F1F (0x7 bytes), align: 0
  Segment part 14.            Intra module refs:   Segment part 12
                                                   Segment part 3 (?rand)
                                                   Segment part 3 (?xprintfsmall)
                                                   Segment part 3 (?xstoul)
                                                   Segment part 30 (ldterm1)
                                                   Segment part 36 (base1)
                                                   Segment part 8 (local)
           ENTRY                   ADDRESS         REF BY
           =====                   =======         ======
           ?<Segment init: NEAR_I>
                                   00001F19 
    -------------------------------------------------------------------------
SWITCH
  Relative segment, address: CODE 00000B02 - 00000B5F (0x5e bytes), align: 1
  Segment part 71.            Intra module refs:   at_com_tx
    -------------------------------------------------------------------------
NEAR_I
  Relative segment, address: DATA 00000E70 - 00000F51 (0xe2 bytes), align: 0
  Segment part 12.            Intra module refs:   at_com_tx

    *************************************************************************

  FILE NAME : E:\sim800Elam2560_bootnew\Debug\Obj\base1.r90
  PROGRAM MODULE, NAME : base1

  SEGMENTS IN THE MODULE
  ======================
ABSOLUTE
  Relative segment, address: DATA 00000134 - 00000135 (0x2 bytes), align: 0
  Segment part 2. ROOT.
           ENTRY                   ADDRESS         REF BY
           =====                   =======         ======
           _A_UBRR3                00000134 
    -------------------------------------------------------------------------
ABSOLUTE
  Relative segment, address: DATA 00000132 - 00000132 (0x1 bytes), align: 0
  Segment part 3. ROOT.
           ENTRY                   ADDRESS         REF BY
           =====                   =======         ======
           _A_UCSR3C               00000132 
    -------------------------------------------------------------------------
ABSOLUTE
  Relative segment, address: DATA 00000131 - 00000131 (0x1 bytes), align: 0
  Segment part 4. ROOT.
           ENTRY                   ADDRESS         REF BY
           =====                   =======         ======
           _A_UCSR3B               00000131 
    -------------------------------------------------------------------------
ABSOLUTE
  Relative segment, address: DATA 00000106 - 00000106 (0x1 bytes), align: 0
  Segment part 5. ROOT.
           ENTRY                   ADDRESS         REF BY
           =====                   =======         ======
           _A_PINK                 00000106 
    -------------------------------------------------------------------------
ABSOLUTE
  Relative segment, address: DATA 00000105 - 00000105 (0x1 bytes), align: 0
  Segment part 6. ROOT.
           ENTRY                   ADDRESS         REF BY
           =====                   =======         ======
           _A_PORTJ                00000105 
    -------------------------------------------------------------------------
ABSOLUTE
  Relative segment, address: DATA 00000102 - 00000102 (0x1 bytes), align: 0
  Segment part 7. ROOT.
           ENTRY                   ADDRESS         REF BY
           =====                   =======         ======
           _A_PORTH                00000102 
    -------------------------------------------------------------------------
ABSOLUTE
  Relative segment, address: DATA 000000D6 - 000000D6 (0x1 bytes), align: 0
  Segment part 8. ROOT.
           ENTRY                   ADDRESS         REF BY
           =====                   =======         ======
           _A_UDR2                 000000D6 
    -------------------------------------------------------------------------
ABSOLUTE
  Relative segment, address: DATA 000000D4 - 000000D5 (0x2 bytes), align: 0
  Segment part 9. ROOT.
           ENTRY                   ADDRESS         REF BY
           =====                   =======         ======
           _A_UBRR2                000000D4 
    -------------------------------------------------------------------------
ABSOLUTE
  Relative segment, address: DATA 000000D2 - 000000D2 (0x1 bytes), align: 0
  Segment part 10. ROOT.
           ENTRY                   ADDRESS         REF BY
           =====                   =======         ======
           _A_UCSR2C               000000D2 
    -------------------------------------------------------------------------
ABSOLUTE
  Relative segment, address: DATA 000000D1 - 000000D1 (0x1 bytes), align: 0
  Segment part 11. ROOT.
           ENTRY                   ADDRESS         REF BY
           =====                   =======         ======
           _A_UCSR2B               000000D1 
    -------------------------------------------------------------------------
ABSOLUTE
  Relative segment, address: DATA 000000D0 - 000000D0 (0x1 bytes), align: 0
  Segment part 12. ROOT.
           ENTRY                   ADDRESS         REF BY
           =====                   =======         ======
           _A_UCSR2A               000000D0 
    -------------------------------------------------------------------------
ABSOLUTE
  Relative segment, address: DATA 000000CC - 000000CD (0x2 bytes), align: 0
  Segment part 13. ROOT.
           ENTRY                   ADDRESS         REF BY
           =====                   =======         ======
           _A_UBRR1                000000CC 
    -------------------------------------------------------------------------
ABSOLUTE
  Relative segment, address: DATA 000000CA - 000000CA (0x1 bytes), align: 0
  Segment part 14. ROOT.
           ENTRY                   ADDRESS         REF BY
           =====                   =======         ======
           _A_UCSR1C               000000CA 
    -------------------------------------------------------------------------
ABSOLUTE
  Relative segment, address: DATA 000000C9 - 000000C9 (0x1 bytes), align: 0
  Segment part 15. ROOT.
           ENTRY                   ADDRESS         REF BY
           =====                   =======         ======
           _A_UCSR1B               000000C9 
    -------------------------------------------------------------------------
ABSOLUTE
  Relative segment, address: DATA 000000C0 - 000000C0 (0x1 bytes), align: 0
  Segment part 18. ROOT.
           ENTRY                   ADDRESS         REF BY
           =====                   =======         ======
           _A_UCSR0A               000000C0 
    -------------------------------------------------------------------------
ABSOLUTE
  Relative segment, address: DATA 00000060 - 00000060 (0x1 bytes), align: 0
  Segment part 19. ROOT.
           ENTRY                   ADDRESS         REF BY
           =====                   =======         ======
           _A_WDTCSR               00000060 
    -------------------------------------------------------------------------
ABSOLUTE
  Relative segment, address: DATA 0000005F - 0000005F (0x1 bytes), align: 0
  Segment part 20. ROOT.
           ENTRY                   ADDRESS         REF BY
           =====                   =======         ======
           _A_SREG                 0000005F 
    -------------------------------------------------------------------------
ABSOLUTE
  Relative segment, address: DATA 00000054 - 00000054 (0x1 bytes), align: 0
  Segment part 21. ROOT.
           ENTRY                   ADDRESS         REF BY
           =====                   =======         ======
           _A_MCUSR                00000054 
    -------------------------------------------------------------------------
ABSOLUTE
  Relative segment, address: DATA 00000034 - 00000034 (0x1 bytes), align: 0
  Segment part 22. ROOT.
           ENTRY                   ADDRESS         REF BY
           =====                   =======         ======
           _A_PORTG                00000034 
    -------------------------------------------------------------------------
ABSOLUTE
  Relative segment, address: DATA 0000002E - 0000002E (0x1 bytes), align: 0
  Segment part 23. ROOT.
           ENTRY                   ADDRESS         REF BY
           =====                   =======         ======
           _A_PORTE                0000002E 
    -------------------------------------------------------------------------
ABSOLUTE
  Relative segment, address: DATA 0000002B - 0000002B (0x1 bytes), align: 0
  Segment part 25. ROOT.
           ENTRY                   ADDRESS         REF BY
           =====                   =======         ======
           _A_PORTD                0000002B 
    -------------------------------------------------------------------------
ABSOLUTE
  Relative segment, address: DATA 00000025 - 00000025 (0x1 bytes), align: 0
  Segment part 27. ROOT.
           ENTRY                   ADDRESS         REF BY
           =====                   =======         ======
           _A_PORTB                00000025 
    -------------------------------------------------------------------------
NEAR_F
  Relative segment, address: CODE 0000013E - 0000023D (0x100 bytes), align: 0
  Segment part 39.            Intra module refs:   crc_485
           ENTRY                   ADDRESS         REF BY
           =====                   =======         ======
           tab_crc                 0000013E        ds_handler (tchmem)
    -------------------------------------------------------------------------
NEAR_F
  Relative segment, address: CODE 0000023E - 0000025E (0x21 bytes), align: 0
  Segment part 40.            Intra module refs:   start_func_stm_on
           ENTRY                   ADDRESS         REF BY
           =====                   =======         ======
           stm_base_sim            00000248 
           stm_pwr_on              0000023E 
           stm_res_sim             00000254 
    -------------------------------------------------------------------------
NEAR_F
  Relative segment, address: CODE 0000025F - 00000269 (0xb bytes), align: 0
  Segment part 41.            Intra module refs:   start_func_stm_pwk
           ENTRY                   ADDRESS         REF BY
           =====                   =======         ======
           stm_pwr_kon             0000025F 
    -------------------------------------------------------------------------
NEAR_F
  Relative segment, address: CODE 0000026A - 00000274 (0xb bytes), align: 0
  Segment part 42.            Intra module refs:   start_func_stm_off
           ENTRY                   ADDRESS         REF BY
           =====                   =======         ======
           stm_pwr_off             0000026A 
    -------------------------------------------------------------------------
NEAR_F
  Relative segment, address: CODE 00000275 - 00000280 (0xc bytes), align: 0
  Segment part 43.            Intra module refs:   start_func_stm_koff
           ENTRY                   ADDRESS         REF BY
           =====                   =======         ======
           stm_pwr_koff            00000275 
    -------------------------------------------------------------------------
NEAR_F
  Relative segment, address: CODE 00000281 - 000002DF (0x5f bytes), align: 0
  Segment part 44.            Intra module refs:   ?Subroutine51
                                                   ?Subroutine52
                                                   ?Subroutine53
                                                   ?Subroutine54
                                                   ?Subroutine55
                                                   modem_engine
           ENTRY                   ADDRESS         REF BY
           =====                   =======         ======
           evm_at_err              000002A1 
           evm_ch_sim              000002D6 
           evm_cts_err             000002CB 
           evm_dcd_err             000002B6 
           evm_no_rec              000002C1 
           evm_ppp_err             000002AB 
           evm_tm                  0000029B 
           stm_ppp                 00000294 
           stm_sc                  00000287 
           stm_scp                 0000028D 
           stm_si                  00000281 
    -------------------------------------------------------------------------
NEAR_F
  Relative segment, address: CODE 000002E0 - 000002FF (0x20 bytes), align: 0
  Segment part 48.            Intra module refs:   monitor_change_state
           ENTRY                   ADDRESS         REF BY
           =====                   =======         ======
           evc_alarm               000002E9 
           evc_taken               000002E0 
           evc_ts1                 000002F2 
           evc_ts2                 000002F9 
    -------------------------------------------------------------------------
NEAR_F
  Relative segment, address: CODE 00000300 - 00000308 (0x9 bytes), align: 0
  Segment part 49.            Intra module refs:   monitor_beg_state_seq
           ENTRY                   ADDRESS         REF BY
           =====                   =======         ======
           evc_state               00000300 
    -------------------------------------------------------------------------
NEAR_F
  Relative segment, address: CODE 00000309 - 00000324 (0x1c bytes), align: 0
  Segment part 50.            Intra module refs:   monitor_rst
           ENTRY                   ADDRESS         REF BY
           =====                   =======         ======
           evc_bod                 00000310 
           evc_pwr                 0000031E 
           evc_rst                 00000317 
           evc_wdr                 00000309 
    -------------------------------------------------------------------------
NEAR_F
  Relative segment, address: CODE 00000325 - 0000032B (0x7 bytes), align: 0
  Segment part 51.            Intra module refs:   Application_SEQ_tx
           ENTRY                   ADDRESS         REF BY
           =====                   =======         ======
           msg_evc                 00000325 
    -------------------------------------------------------------------------
NEAR_F
  Relative segment, address: CODE 0000032C - 00000336 (0xb bytes), align: 0
  Segment part 52.            Intra module refs:   monitor_cntr_ch
           ENTRY                   ADDRESS         REF BY
           =====                   =======         ======
           msg_ctrl_ch             0000032C 
    -------------------------------------------------------------------------
NEAR_F
  Relative segment, address: CODE 00000337 - 00000342 (0xc bytes), align: 0
  Segment part 53.            Intra module refs:   monitor_cntr_nat
           ENTRY                   ADDRESS         REF BY
           =====                   =======         ======
           msg_ctrl_nat            00000337 
    -------------------------------------------------------------------------
NEAR_F
  Relative segment, address: CODE 00000343 - 0000034E (0xc bytes), align: 0
  Segment part 54.            Intra module refs:   monitor_cntr_cl_seq
           ENTRY                   ADDRESS         REF BY
           =====                   =======         ======
           req_out_ctrl_cl         00000343 
    -------------------------------------------------------------------------
EEPROM_AN
  Relative segment, address: XDATA 00000001 - 00000001 (0x1 bytes), align: 0
  Segment part 28. ROOT.
           ENTRY                   ADDRESS         REF BY
           =====                   =======         ======
           e_rw_pdp                00000001 
    -------------------------------------------------------------------------
EEPROM_AN
  Relative segment, address: XDATA 00000002 - 00000002 (0x1 bytes), align: 0
  Segment part 29. ROOT.
           ENTRY                   ADDRESS         REF BY
           =====                   =======         ======
           e_rw_pdp_r              00000002 
    -------------------------------------------------------------------------
NEAR_F
  Relative segment, address: CODE 0000034F - 0000044E (0x100 bytes), align: 0
  Segment part 59.            Intra module refs:   ?Subroutine61
                                                   ?Subroutine62
                                                   ?Subroutine77
                                                   ?Subroutine78
                                                   ?Subroutine79
                                                   ?Subroutine80
                                                   ?Subroutine81
           ENTRY                   ADDRESS         REF BY
           =====                   =======         ======
           auchCRCHi               0000034F 
    -------------------------------------------------------------------------
NEAR_F
  Relative segment, address: CODE 0000044F - 0000054E (0x100 bytes), align: 0
  Segment part 60.            Intra module refs:   ?Subroutine61
                                                   ?Subroutine62
                                                   ?Subroutine79
                                                   ?Subroutine81
                                                   ?Subroutine84
                                                   ?Subroutine85
                                                   ?Subroutine86
                                                   ?Subroutine87
                                                   ?Subroutine88
           ENTRY                   ADDRESS         REF BY
           =====                   =======         ======
           auchCRCLo               0000044F 
    -------------------------------------------------------------------------
NEAR_Z
  Relative segment, address: DATA 000010AE - 000010BF (0x12 bytes), align: 0
  Segment part 55.            Intra module refs:   ?Subroutine242
                                                   ?Subroutine249
                                                   ?Subroutine26
                                                   check_wdt
                                                   control_temperatura
                                                   load_par_from_memory
                                                   monitor_rst
                                                   monitor_wr_truffic
           ENTRY                   ADDRESS         REF BY
           =====                   =======         ======
           cnt_incom               000010B6        TIMER3_COMPA_interrupt (interr4)
                                                   USART0_RX_interrupt (interr4)
                                                   proc_udp_data (fppp3)
           cnt_outcom              000010B2        TIMER3_COMPA_interrupt (interr4)
                                                   USART0_TX_interrupt (interr4)
                                                   proc_udp_data (fppp3)
           fl_truffic              000010BF 
           prov_ozu                000010BA        main (main)
                                                   proc_udp_data (fppp3)
           temperatura             000010BC        ?Subroutine122 (ldterm1)
                                                   ADC_interrupt (interr4)
           time_cnt_ch_time        000010BE        TIMER3_COMPA_interrupt (interr4)
           unix                    000010AE        ?Subroutine1 (local)
                                                   ?Subroutine17 (local)
                                                   ?Subroutine18 (local)
                                                   ?Subroutine21 (local)
                                                   ?Subroutine22 (local)
                                                   ?Subroutine23 (local)
                                                   ?Subroutine24 (local)
                                                   ?Subroutine49 (fppp3)
                                                   burst_ds_r (fram1)
                                                   end_zamer (local)
                                                   local_psm (local)
    -------------------------------------------------------------------------
NEAR_N
  Relative segment, address: DATA 00002155 - 00002167 (0x13 bytes), align: 0
  Segment part 61.            Intra module refs:   check_wdt
                                                   clr_cntr_nat
                                                   func_crc_tii
                                                   modem_engine
                                                   monitor_rst
                                                   start_func_stm_on
           ENTRY                   ADDRESS         REF BY
           =====                   =======         ======
           cnt_tii                 00002157        ?Subroutine244 (fppp3)
                                                   proc_udp_data (fppp3)
           crc_tii                 00002155        TIMER3_COMPA_interrupt (interr4)
                                                   proc_udp_data (fppp3)
           simka                   00002167        ?Subroutine0 (ledmd)
                                                   ?Subroutine24 (at_com4)
                                                   ?Subroutine7 (at_com4)
                                                   TIMER3_COMPA_interrupt (interr4)
                                                   init_scen_stm_si (at_com4)
                                                   monitor_act_PAP (fppp3)
    -------------------------------------------------------------------------
NEAR_Z
  Relative segment, address: DATA 000010C0 - 000010FE (0x3f bytes), align: 0
  Segment part 57.            Intra module refs:   ?Subroutine100
                                                   ?Subroutine109
                                                   ?Subroutine169
                                                   ?Subroutine177
                                                   ?Subroutine18
                                                   ?Subroutine248
                                                   ?Subroutine6
                                                   ?Subroutine91
                                                   Application_SEQ_tx
                                                   clr_cntr_link
                                                   clr_var_ppp
                                                   monitor1_rec_rs232_2
                                                   monitor1_tm_rs232_2
                                                   monitor1_tm_rs485_1
                                                   monitor1_tx_rs485_1
                                                   monitor_change_state
                                                   monitor_rst
           ENTRY                   ADDRESS         REF BY
           =====                   =======         ======
           Appl_RS485_1            000010C0        proc_udp_data (fppp3)
           Appl_RS485_2            000010D3        proc_udp_data (fppp3)
           Fl_ch_sim               000010F7        ?Subroutine28 (interr4)
           cnt_cts_off             000010F0        TIMER2_COMPA_interrupt (interr4)
           cnt_link_res            000010EA        TIMER3_COMPA_interrupt (interr4)
           cnt_no_link             000010E6        ?Subroutine79 (fppp3)
                                                   TIMER3_COMPA_interrupt (interr4)
                                                   proc_option (fppp3)
                                                   proc_udp_data (fppp3)
           cnt_stm_tm1             000010F5        TIMER3_COMPA_interrupt (interr4)
           cnt_stm_tm2             000010F6        TIMER3_COMPA_interrupt (interr4)
           command_AT              000010F4        USART0_RX_interrupt (interr4)
                                                   USART0_TX_interrupt (interr4)
           count_ppp_down          000010FE 
           count_tx_ppp            000010EE        ?Subroutine32 (interr4)
                                                   ?Subroutine43 (fppp3)
                                                   ?Subroutine46 (fppp3)
                                                   ?Subroutine51 (fppp3)
                                                   run_ipcp_act (fppp3)
                                                   send_terminate_lcp (fppp3)
                                                   sending_ppp_pac (interr4)
           event_modem             000010F3        ?Subroutine26 (at_com4)
                                                   ?Subroutine29 (at_com4)
                                                   ?Subroutine57 (fppp3)
                                                   TIMER2_COMPA_interrupt (interr4)
                                                   TIMER3_COMPA_interrupt (interr4)
                                                   at_com_scen_init (at_com4)
                                                   at_com_scen_stm_dc_1 (at_com4)
                                                   run_ipcp_act (fppp3)
           fl_appl_seq             000010FB        TIMER3_COMPA_interrupt (interr4)
                                                   proc_option (fppp3)
                                                   proc_udp_data (fppp3)
           fl_appl_seq1            000010FC        TIMER3_COMPA_interrupt (interr4)
                                                   proc_udp_data (fppp3)
           fl_cts_232_ignor        000010F9        TIMER2_COMPA_interrupt (interr4)
                                                   USART0_TX_interrupt (interr4)
           fl_tx485                000010FA 
           fl_wdt                  000010F8        ?Subroutine26 (interr4)
           layer_PPP               000010FD        ?Subroutine197 (fppp3)
                                                   monitor_event_PAP (fppp3)
                                                   proc_ppp_packet (fppp3)
                                                   run_ipcp_act (fppp3)
                                                   run_lcp_act (fppp3)
           state_modem             000010F2 
    -------------------------------------------------------------------------
NEAR_Z
  Relative segment, address: DATA 000010FF - 00001100 (0x2 bytes), align: 0
  Segment part 58.
           ENTRY                   ADDRESS         REF BY
           =====                   =======         ======
           cnt_key_off             000010FF        TIMER2_COMPA_interrupt (interr4)
    -------------------------------------------------------------------------
NEAR_Z
  Relative segment, address: DATA 00001101 - 00001127 (0x27 bytes), align: 0
  Segment part 62.            Intra module refs:   ?Subroutine69
                                                   Application_SEQ_tx
                                                   monitor1_rec_rs232_2
                                                   monitor1_tm_rs232_2
                                                   monitor1_tx_rs232_2
                                                   monitor_cntr_ch
                                                   monitor_cntr_cl_seq
                                                   run_cont_232_2
                                                   send_err485
           ENTRY                   ADDRESS         REF BY
           =====                   =======         ======
           Appl_RS232_2            00001101        proc_udp_data (fppp3)
           buf_opt_tr              00001114        ?Subroutine127 (fppp3)
                                                   ?Subroutine63 (fppp3)
                                                   proc_udp_data (fppp3)
                                                   send_no_sinc (fppp3)
                                                   send_size_pg (fppp3)
    -------------------------------------------------------------------------
NEAR_Z
  Relative segment, address: DATA 00001128 - 00001573 (0x44c bytes), align: 0
  Segment part 63.            Intra module refs:   ?Subroutine15
                                                   ?Subroutine192
                                                   ?Subroutine40
                                                   ?Subroutine63
                                                   ?Subroutine69
                                                   Application_SEQ_tx
                                                   form_buf_tx_ppp
                                                   monitor1_rec_rs232_2
                                                   proc_config
                                                   send_err485
           ENTRY                   ADDRESS         REF BY
           =====                   =======         ======
           buf_tx_232              00001128        ?Subroutine12 (interr4)
                                                   ?Subroutine163 (fppp3)
                                                   ?Subroutine200 (fppp3)
                                                   ?Subroutine220 (fppp3)
                                                   ?Subroutine221 (fppp3)
                                                   ?Subroutine39 (pins)
                                                   ?Subroutine62 (interr4)
                                                   ?Subroutine66 (interr4)
                                                   ?Subroutine67 (fppp3)
                                                   ?Subroutine69 (fppp3)
                                                   ?Subroutine83 (fppp3)
                                                   ?Subroutine88 (fppp3)
                                                   Absolute parts (my_boot)
                                                   TIMER3_COMPA_interrupt (interr4)
                                                   USART2_RX_interrupt (interr4)
                                                   at_mon_232 (ldterm1)
                                                   com_disp (fppp3)
                                                   kodirovka (coder)
                                                   monitor_terminal (ldterm1)
                                                   null_tii_485 (fppp3)
                                                   proc_kamintel (fppp3)
                                                   proc_udp_data (fppp3)
                                                   r_in_out_485 (fppp3)
                                                   sending_ppp_pac (interr4)
                                                   serch_point_log (logs)
                                                   w_in_out_485 (fppp3)
                                                   write_menu (ldterm1)
    -------------------------------------------------------------------------
NEAR_Z
  Relative segment, address: DATA 00001574 - 0000157B (0x8 bytes), align: 0
  Segment part 64.            Intra module refs:   ?Subroutine189
                                                   ?Subroutine191
                                                   check_cts
                                                   clr_var_ppp
           ENTRY                   ADDRESS         REF BY
           =====                   =======         ======
           fl_cts_232              0000157A        TIMER2_COMPA_interrupt (interr4)
           fl_reg3                 0000157B        sending_ppp_pac (interr4)
           ip_self                 00001574        ?Subroutine199 (fppp3)
                                                   proc_ppp_packet (fppp3)
                                                   run_ipcp_act (fppp3)
           vol_tx_ppp              00001578        ?Subroutine1 (ldterm1)
                                                   ?Subroutine123 (ldterm1)
                                                   ?Subroutine124 (ldterm1)
                                                   ?Subroutine126 (ldterm1)
                                                   ?Subroutine130 (ldterm1)
                                                   ?Subroutine131 (ldterm1)
                                                   ?Subroutine133 (ldterm1)
                                                   ?Subroutine17 (ldterm1)
                                                   ?Subroutine2 (ldterm1)
[...]
           =====                   =======         ======
           __segment_init          0000EF30        ?need_segment_init (?C_STARTUP)
               calls direct
               stack 1 = 00000000 ( 00000000 )
               stack 2 = 00000000 ( 00000003 )

    -------------------------------------------------------------------------
  LIBRARY MODULE, NAME : ?sprintf

  SEGMENTS IN THE MODULE
  ======================
FARCODE
  Relative segment, address: CODE 0000EF90 - 0000EFE3 (0x54 bytes), align: 1
  Segment part 3.
           ENTRY                   ADDRESS         REF BY
           =====                   =======         ======
           sprintf                 0000EF90        ?Subroutine13 (ldterm1)
                                                   ?Subroutine14 (ldterm1)
                                                   ?Subroutine43 (base1)
                                                   ?Subroutine44 (base1)
                                                   ?Subroutine46 (base1)
                                                   ?Subroutine48 (ldterm1)
                                                   ?Subroutine67 (ldterm1)
                                                   ?Subroutine68 (ldterm1)
                                                   ?Subroutine7 (ldterm1)
                                                   send_info (base1)
               calls direct
               stack 1 = 00000000 ( 0000000A )
               stack 2 = 00000000 ( 00000003 )

    -------------------------------------------------------------------------
  LIBRARY MODULE, NAME : ?strchr

  SEGMENTS IN THE MODULE
  ======================
FARCODE
  Relative segment, address: CODE 0000EFE4 - 0000EFF9 (0x16 bytes), align: 1
  Segment part 7.
           ENTRY                   ADDRESS         REF BY
           =====                   =======         ======
           _Strchr                 0000EFE4        _PrintfSmall (?xprintfsmall)
               stack 1 = 00000000 ( 00000000 )
               stack 2 = 00000000 ( 00000003 )

    -------------------------------------------------------------------------
  LIBRARY MODULE, NAME : ?strcpy

  SEGMENTS IN THE MODULE
  ======================
FARCODE
  Relative segment, address: CODE 0000EFFA - 0000F011 (0x18 bytes), align: 1
  Segment part 6.
           ENTRY                   ADDRESS         REF BY
           =====                   =======         ======
           strcpy                  0000EFFA        ?Subroutine7 (at_com4)
                                                   ?Subroutine8 (at_com4)
               stack 1 = 00000000 ( 00000000 )
               stack 2 = 00000000 ( 00000003 )

    -------------------------------------------------------------------------
  LIBRARY MODULE, NAME : ?strlen

  SEGMENTS IN THE MODULE
  ======================
FARCODE
  Relative segment, address: CODE 0000F012 - 0000F025 (0x14 bytes), align: 1
  Segment part 6.
           ENTRY                   ADDRESS         REF BY
           =====                   =======         ======
           strlen                  0000F012        ?Subroutine13 (ldterm1)
                                                   ?Subroutine14 (ldterm1)
                                                   ?Subroutine17 (at_com4)
                                                   ?Subroutine258 (base1)
                                                   ?Subroutine43 (base1)
                                                   ?Subroutine44 (base1)
                                                   ?Subroutine46 (base1)
                                                   ?Subroutine48 (ldterm1)
                                                   ?Subroutine66 (base1)
                                                   ?Subroutine66 (ldterm1)
                                                   ?Subroutine7 (ldterm1)
                                                   _PrintfSmall (?xprintfsmall)
                                                   send_info (base1)
               stack 1 = 00000000 ( 00000000 )
               stack 2 = 00000000 ( 00000003 )

    -------------------------------------------------------------------------
  LIBRARY MODULE, NAME : ?xprintfsmall

  SEGMENTS IN THE MODULE
  ======================
FARCODE
  Relative segment, address: CODE 0000F026 - 0000F377 (0x352 bytes), align: 1
  Segment part 6.
           ENTRY                   ADDRESS         REF BY
           =====                   =======         ======
           _PrintfSmall            0000F026        sprintf (?sprintf)
               calls direct
               stack 1 = 00000000 ( 00000062 )
               stack 2 = 00000000 ( 00000006 )
    -------------------------------------------------------------------------
FARCODE
  Relative segment, address: CODE 0000F378 - 0000F381 (0xa bytes), align: 1
  Segment part 7.             Intra module refs:   _PrintfSmall
    -------------------------------------------------------------------------
FARCODE
  Relative segment, address: CODE 0000F382 - 0000F391 (0x10 bytes), align: 1
  Segment part 8.             Intra module refs:   _PrintfSmall
    -------------------------------------------------------------------------
FARCODE
  Relative segment, address: CODE 0000F392 - 0000F3A1 (0x10 bytes), align: 1
  Segment part 9.             Intra module refs:   _PrintfSmall
    -------------------------------------------------------------------------
FARCODE
  Relative segment, address: CODE 0000F3A2 - 0000F3A3 (0x2 bytes), align: 1
  Segment part 10.            Intra module refs:   _PrintfSmall
    -------------------------------------------------------------------------
FARCODE
  Relative segment, address: CODE 0000F3A4 - 0000F3A9 (0x6 bytes), align: 1
  Segment part 11.            Intra module refs:   Segment part 10
                                                   Segment part 16
                                                   _PrintfSmall
    -------------------------------------------------------------------------
FARCODE
  Relative segment, address: CODE 0000F3AA - 0000F3AF (0x6 bytes), align: 1
  Segment part 12.            Intra module refs:   Segment part 10
                                                   Segment part 15
                                                   _PrintfSmall
    -------------------------------------------------------------------------
FARCODE
  Relative segment, address: CODE 0000F3B0 - 0000F3B7 (0x8 bytes), align: 1
  Segment part 13.            Intra module refs:   _PrintfSmall
    -------------------------------------------------------------------------
FARCODE
  Relative segment, address: CODE 0000F3B8 - 0000F3CB (0x14 bytes), align: 1
  Segment part 14.            Intra module refs:   _PrintfSmall
    -------------------------------------------------------------------------
FARCODE
  Relative segment, address: CODE 0000F3CC - 0000F3CD (0x2 bytes), align: 1
  Segment part 15.            Intra module refs:   _PrintfSmall
    -------------------------------------------------------------------------
FARCODE
  Relative segment, address: CODE 0000F3CE - 0000F3D7 (0xa bytes), align: 1
  Segment part 16.            Intra module refs:   Segment part 13
                                                   Segment part 15
                                                   _PrintfSmall
    -------------------------------------------------------------------------
FARCODE
  Relative segment, address: CODE 0000F3D8 - 0000F3DF (0x8 bytes), align: 1
  Segment part 17.            Intra module refs:   Segment part 16
                                                   _PrintfSmall
    -------------------------------------------------------------------------
FARCODE
  Relative segment, address: CODE 0000F3E0 - 0000F3E3 (0x4 bytes), align: 1
  Segment part 18.            Intra module refs:   Segment part 17
                                                   Segment part 23
    -------------------------------------------------------------------------
FARCODE
  Relative segment, address: CODE 0000F3E4 - 0000F3E7 (0x4 bytes), align: 1
  Segment part 19.            Intra module refs:   _PrintfSmall
                                                   pad
    -------------------------------------------------------------------------
FARCODE
  Relative segment, address: CODE 0000F3E8 - 0000F3EB (0x4 bytes), align: 1
  Segment part 20.            Intra module refs:   Segment part 19
                                                   Segment part 24
    -------------------------------------------------------------------------
FARCODE
  Relative segment, address: CODE 0000F3EC - 0000F3F1 (0x6 bytes), align: 1
  Segment part 21.            Intra module refs:   _PrintfSmall
    -------------------------------------------------------------------------
FARCODE
  Relative segment, address: CODE 0000F3F2 - 0000F3FB (0xa bytes), align: 1
  Segment part 22.            Intra module refs:   Segment part 21
                                                   _PrintfSmall
    -------------------------------------------------------------------------
FARCODE
  Relative segment, address: CODE 0000F3FC - 0000F401 (0x6 bytes), align: 1
  Segment part 23.            Intra module refs:   _PrintfSmall
    -------------------------------------------------------------------------
FARCODE
  Relative segment, address: CODE 0000F402 - 0000F40B (0xa bytes), align: 1
  Segment part 24.            Intra module refs:   _PrintfSmall
    -------------------------------------------------------------------------
FARCODE
  Relative segment, address: CODE 0000F40C - 0000F43B (0x30 bytes), align: 1
  Segment part 25.            Intra module refs:   Segment part 24
           LOCAL                   ADDRESS         
           =====                   =======         
           pad                     0000F40C 
               calls direct
               stack 1 = 00000000 ( 00000007 )
               stack 2 = 00000000 ( 00000003 )
    -------------------------------------------------------------------------
FARCODE
  Relative segment, address: CODE 0000F43C - 0000F441 (0x6 bytes), align: 1
  Segment part 26.            Intra module refs:   _PutcharsSmall
                                                   pad
    -------------------------------------------------------------------------
FARCODE
  Relative segment, address: CODE 0000F442 - 0000F58B (0x14a bytes), align: 1
  Segment part 27.            Intra module refs:   _PrintfSmall
           LOCAL                   ADDRESS         
           =====                   =======         
           _LitobSmall             0000F442 
               stack 1 = 00000000 ( 00000013 )
               stack 2 = 00000000 ( 00000006 )
    -------------------------------------------------------------------------
FARCODE
  Relative segment, address: CODE 0000F58C - 0000F597 (0xc bytes), align: 1
  Segment part 28.            Intra module refs:   _LitobSmall
    -------------------------------------------------------------------------
FARCODE
  Relative segment, address: CODE 0000F598 - 0000F5D5 (0x3e bytes), align: 1
  Segment part 29.            Intra module refs:   _PrintfSmall
                                                   _PutcharsSmall
           LOCAL                   ADDRESS         
           =====                   =======         
           _PutcharSmall           0000F598 
               calls indirect
               stack 1 = 00000000 ( 00000002 )
               stack 2 = 00000000 ( 00000003 )
    -------------------------------------------------------------------------
FARCODE
  Relative segment, address: CODE 0000F5D6 - 0000F5FD (0x28 bytes), align: 1
  Segment part 30.            Intra module refs:   Segment part 19
           LOCAL                   ADDRESS         
           =====                   =======         
           _PutcharsSmall          0000F5D6 
               calls direct
               stack 1 = 00000000 ( 00000006 )
               stack 2 = 00000000 ( 00000003 )
    -------------------------------------------------------------------------
NEAR_ID
  Relative segment, address: CODE 00002060 - 00002065 (0x6 bytes), align: 0
  Segment part 4.             Intra module refs:   Segment part 3
    -------------------------------------------------------------------------
NEAR_I
  Relative segment, address: DATA 00000FB0 - 00000FB5 (0x6 bytes), align: 0
  Segment part 3.             Intra module refs:   _PrintfSmall

    -------------------------------------------------------------------------
  LIBRARY MODULE, NAME : ?xsprout

  SEGMENTS IN THE MODULE
  ======================
FARCODE
  Relative segment, address: CODE 0000F5FE - 0000F619 (0x1c bytes), align: 1
  Segment part 3.
           ENTRY                   ADDRESS         REF BY
           =====                   =======         ======
           _SProut                 0000F5FE        sprintf (?sprintf)
               stack 1 = 00000000 ( 00000000 )
               stack 2 = 00000000 ( 00000003 )

    -------------------------------------------------------------------------
  LIBRARY MODULE, NAME : ?xstoul

  SEGMENTS IN THE MODULE
  ======================
FARCODE
  Relative segment, address: CODE 0000F61A - 0000F631 (0x18 bytes), align: 1
  Segment part 6.             Intra module refs:   _Stoul
           ENTRY                   ADDRESS         REF BY
           =====                   =======         ======
           _LocaleC_tolower        0000F61A 
               stack 1 = 00000000 ( 00000000 )
               stack 2 = 00000000 ( 00000003 )
    -------------------------------------------------------------------------
NEAR_I
  Relative segment, address: DATA 00000FB6 - 00000FFF (0x4a bytes), align: 0
  Segment part 3.             Intra module refs:   _Stoul
    -------------------------------------------------------------------------
FARCODE
  Relative segment, address: CODE 0000F632 - 0000F7E1 (0x1b0 bytes), align: 1
  Segment part 7.
           ENTRY                   ADDRESS         REF BY
           =====                   =======         ======
           _Stoul                  0000F632        atol (ldterm1)
               calls direct
               stack 1 = 00000000 ( 00000016 )
               stack 2 = 00000000 ( 00000006 )
    -------------------------------------------------------------------------
FARCODE
  Relative segment, address: CODE 0000F7E2 - 0000F7E9 (0x8 bytes), align: 1
  Segment part 8.             Intra module refs:   _Stoul
    -------------------------------------------------------------------------
NEAR_ID
  Relative segment, address: CODE 00002066 - 000020AF (0x4a bytes), align: 0
  Segment part 4.             Intra module refs:   Segment part 3

    -------------------------------------------------------------------------
  LIBRARY MODULE, NAME : ?__exit

  SEGMENTS IN THE MODULE
  ======================
FARCODE
  Relative segment, address: CODE 0000F7EA - 0000F7EB (0x2 bytes), align: 1
  Segment part 3.
           ENTRY                   ADDRESS         REF BY
           =====                   =======         ======
           __exit                  0000F7EA        Segment part 5 (?_exit)
               not allocated function

    *************************************************************************

  DEFINED ABSOLUTE ENTRIES
  PROGRAM MODULE, NAME : ?FILLER_BYTES

  SEGMENTS IN THE MODULE
  ======================
INTVEC
  Common segment, address: CODE 00000000 - 000000E3 (0xe4 bytes), align: 0
  Segment part 0.




                ****************************************
                *                                      *
                *      SEGMENTS IN ADDRESS ORDER       *
                *                                      *
                ****************************************


SEGMENT              SPACE    START ADDRESS   END ADDRESS     SIZE  TYPE  ALIGN
=======              =====    =============   ===========     ====  ====  =====
INTVEC               CODE          00000000 - 000000E3          E4   com    1
NEAR_F               CODE          00000100 - 00000B01         A02   rel    0
SWITCH               CODE          00000B02 - 00000D29         228   rel    1
CODE                 CODE          00000D2A - 00001F11        11E8   rel    1
HUGE_F               CODE               00001F12                     dse    0
INITTAB              CODE          00001F12 - 00001F1F           E   rel    0
NEAR_ID              CODE          00001F20 - 000020AF         190   rel    0
FARCODE              CODE          000020B0 - 0000F7EB        D73C   rel    1
ABSOLUTE             DATA               0000001F                     rel    0
                     DATA               00000020                   
                     DATA          00000027 - 0000002E           8 
                     DATA          00000032 - 00000034           3 
                     DATA          0000003B - 0000003D           3 
                     DATA          00000044 - 00000047           4 
                     DATA          00000054 - 00000054           1 
                     DATA          0000005B - 0000005C           2 
                     DATA          0000005F - 00000060           2 
                     DATA          00000068 - 00000068           1 
                     DATA          0000006D - 0000006E           2 
                     DATA          00000070 - 00000071           2 
                     DATA          00000078 - 0000007C           5 
                     DATA          00000091 - 00000091           1 
                     DATA          00000098 - 00000099           2 
                     DATA          000000B0 - 000000B1           2 
                     DATA          000000B3 - 000000B3           1 
                     DATA          000000C0 - 000000C1           2 
                     DATA          000000C4 - 000000C6           3 
                     DATA          000000C8 - 000000CA           3 
                     DATA          000000CC - 000000CE           3 
                     DATA          000000D0 - 000000D2           3 
                     DATA          000000D4 - 000000D6           3 
                     DATA          00000101 - 00000108           8 
                     DATA          00000130 - 00000132           3 
                     DATA          00000134 - 00000136           3 
MY_SEG               DATA          00000200 - 00000DF7         BF8   rel    0
ABSOLUTE             DATA          00000E60 - 00000E63           4   rel    0
                     DATA          00000E6A - 00000E6E           5 
NEAR_I               DATA          00000E70 - 00000FFF         190   rel    0
NEAR_Z               DATA          00001000 - 00002014        1015   rel    0
RSTACK               DATA          00002015 - 00002054          40   dse    0
CSTACK               DATA          00002055 - 00002154         100   dse    0
NEAR_N               DATA          00002155 - 00002167          13   rel    0
MY_STACK1            DATA          000021E0 - 000021E1           2   rel    0
EEPROM_AN            XDATA         00000000 - 00000003           4   rel    0
EEPROM_AN            XDATA         0000000A - 0000000C           3   rel    0
                     CODE          000000FF - 000000FF           1  aseg  
                     CODE          0003FC00 - 0003FD5F         160  aseg  
                     CODE          0003FE00 - 0003FE5F          60  aseg  

                ****************************************
                *                                      *
                *        END OF CROSS REFERENCE        *
                *                                      *
                ****************************************

 63 440 bytes of CODE  memory (+ 449 absolute )
  7 922 bytes of DATA  memory (+  85 absolute )
      0 bytes of XDATA memory (+   7 absolute )

Errors: none
Warnings: none

