################################################################################
#                                                                              #
#      IAR Universal Linker V4.59R/386                                         #
#                                                                              #
#           Link time     =  16/Sep/2025  10:08:32                             #
#           Target CPU    =  A90                                               #
#           List file     =  E:\sim800Elam2560_bootnew_i2cerr_a7682e\Debug\Lis #
#                            t\kp72560.map                                     #
#           Output file 1 =  E:\sim800Elam2560_bootnew_i2cerr_a7682e\Debug\Exe #
#                            \kp72560.a25                                      #
#                            Format: mpds-code                                 #
#           Command line  =  E:\sim800Elam2560_bootnew_i2cerr_a7682e\Debug\Obj #
#                            \Appl_sec.r90                                     #
#                            E:\sim800Elam2560_bootnew_i2cerr_a7682e\Debug\Obj #
#                            \JMP_BOOT.r90                                     #
#                            E:\sim800Elam2560_bootnew_i2cerr_a7682e\Debug\Obj #
#                            \R_flash.r90                                      #
#                            E:\sim800Elam2560_bootnew_i2cerr_a7682e\Debug\Obj #
#                            \at_com4.r90                                      #
#                            E:\sim800Elam2560_bootnew_i2cerr_a7682e\Debug\Obj #
#                            \base1.r90                                        #
#                            E:\sim800Elam2560_bootnew_i2cerr_a7682e\Debug\Obj #
#                            \boot_f_ar2.r90                                   #
#                            E:\sim800Elam2560_bootnew_i2cerr_a7682e\Debug\Obj #
#                            \bpa.r90                                          #
#                            E:\sim800Elam2560_bootnew_i2cerr_a7682e\Debug\Obj #
#                            \coder.r90                                        #
#                            E:\sim800Elam2560_bootnew_i2cerr_a7682e\Debug\Obj #
#                            \control_tc.r90                                   #
#                            E:\sim800Elam2560_bootnew_i2cerr_a7682e\Debug\Obj #
#                            \errata.r90                                       #
#                            E:\sim800Elam2560_bootnew_i2cerr_a7682e\Debug\Obj #
#                            \fppp3.r90                                        #
#                            E:\sim800Elam2560_bootnew_i2cerr_a7682e\Debug\Obj #
#                            \fram1.r90                                        #
#                            E:\sim800Elam2560_bootnew_i2cerr_a7682e\Debug\Obj #
#                            \interr4.r90                                      #
#                            E:\sim800Elam2560_bootnew_i2cerr_a7682e\Debug\Obj #
#                            \kd.r90                                           #
#                            E:\sim800Elam2560_bootnew_i2cerr_a7682e\Debug\Obj #
#                            \ldterm1.r90                                      #
#                            E:\sim800Elam2560_bootnew_i2cerr_a7682e\Debug\Obj #
#                            \ledmd.r90                                        #
#                            E:\sim800Elam2560_bootnew_i2cerr_a7682e\Debug\Obj #
#                            \local.r90                                        #
#                            E:\sim800Elam2560_bootnew_i2cerr_a7682e\Debug\Obj #
#                            \logs.r90                                         #
#                            E:\sim800Elam2560_bootnew_i2cerr_a7682e\Debug\Obj #
#                            \main.r90                                         #
#                            E:\sim800Elam2560_bootnew_i2cerr_a7682e\Debug\Obj #
#                            \pins.r90                                         #
#                            E:\sim800Elam2560_bootnew_i2cerr_a7682e\Debug\Obj #
#                            \spvisor.r90                                      #
#                            E:\sim800Elam2560_bootnew_i2cerr_a7682e\Debug\Obj #
#                            \tchmem.r90                                       #
#                            E:\sim800Elam2560_bootnew_i2cerr_a7682e\Debug\Obj #
#                            \util_stk.r90                                     #
#                            -o                                                #
#                            E:\sim800Elam2560_bootnew_i2cerr_a7682e\Debug\Exe #
#                            \kp72560.a25                                      #
#                            -Fmpds-code -l                                    #
#                            E:\sim800Elam2560_bootnew_i2cerr_a7682e\Debug\Lis #
#                            t\kp72560.map                                     #
#                            -xms                                              #
#                            "-IE:\box\IAR Systems\Embedded Workbench 4.0 Eval #
#                            uation\avr\LIB\"                                  #
#                            -f                                                #
#                            E:\sim800Elam2560_bootnew_i2cerr\lnkm2560s.xcl    #
#                            (-D_..X_INTVEC_SIZE=E4 -D_..X_FLASH_TEND=FF       #
#                            -D_..X_FLASH_NEND=FFFF -D_..X_FLASH_END=3FFFF     #
#                            -D_..X_START_ERRATA=1C48 -D_..X_END_ERRATA=1C5F   #
#                            -D_..X_SRAM_BASE=e70 -D_..X_SRAM_TEND=100         #
#                            -D_..X_SRAM_END=21FF -D_..X_EEPROM_END=FFF        #
#                            -D_..X_START_MY_SEG=200 -D_..X_END_MY_SEG=e5f     #
#                            -D_..X_START_MY_STACK1=21e0                       #
#                            -D_..X_END_MY_STACK1=21ff                         #
#                            -D_..X_CSTACK_SIZE=100 -D_..X_RSTACK_SIZE=40      #
#                            -D_..X_HEAP_SIZE=0 -D_..X_NEAR_HEAP_SIZE=20       #
#                            -D_..X_EXT_SRAM_BASE=_..X_SRAM_BASE               #
#                            -D_..X_EXT_SRAM_END=_..X_SRAM_END                 #
#                            -D_..X_EXT_EPROM_BASE=_..X_SRAM_BASE              #
#                            -D_..X_EXT_EPROM_END=_..X_SRAM_END                #
#                            -D_..X_EXT_EEPROM_BASE=_..X_SRAM_BASE             #
#                            -D_..X_EXT_EEPROM_END=_..X_SRAM_END -ca90         #
#                            -Z(CODE)INTVEC=0-(_..X_INTVEC_SIZE-1) -H1895      #
#                            -h(CODE)0-_..X_INTVEC_SIZE                        #
#                            -Z(CODE)TINY_F=_..X_INTVEC_SIZE-_..X_FLASH_TEND   #
#                            -Z(CODE)NEAR_F,SWITCH,DIFUNCT=_..X_INTVEC_SIZE-_. #
#                            .X_FLASH_NEND                                     #
#                            -P(CODE)CODE=E4-1C35,1C58-3FFE0                   #
#                            -P(CODE)ERRATA1=1C36-1C42                         #
#                            -P(CODE)ERRATA=1C48-1C52                          #
#                            -P(CODE)BOOTLOADER=3FFE0-3FFFF                    #
#                            -P(CODE)FAR_F=[_..X_INTVEC_SIZE-_..X_FLASH_END]/1 #
#                            0000                                              #
#                            -Z(CODE)HUGE_F,INITTAB=_..X_INTVEC_SIZE-_..X_FLAS #
#                            H_END                                             #
#                            -Z(CODE)NEAR_ID,FARCODE=_..X_INTVEC_SIZE-_..X_FLA #
#                            SH_END                                            #
#                            -Z(CODE)CHECKSUM#_..X_FLASH_END                   #
#                            -Z(DATA)NEAR_I,NEAR_Z=_..X_SRAM_BASE-_..X_SRAM_EN #
#                            D,_..X_EXT_SRAM_BASE-_..X_EXT_SRAM_END            #
#                            -Z(DATA)MY_SEG=_..X_START_MY_SEG-_..X_END_MY_SEG  #
#                            -Z(DATA)MY_STACK1=_..X_START_MY_STACK1-_..X_END_M #
#                            Y_STACK1                                          #
#                            -Z(DATA)RSTACK+_..X_RSTACK_SIZE=_..X_SRAM_BASE-_. #
#                            .X_SRAM_END                                       #
#                            -Z(DATA)CSTACK+_..X_CSTACK_SIZE=_..X_SRAM_BASE-_. #
#                            .X_SRAM_END                                       #
#                            -Z(DATA)HEAP+_..X_HEAP_SIZE=_..X_SRAM_BASE-_..X_S #
#                            RAM_END,_..X_EXT_SRAM_BASE-_..X_EXT_SRAM_END      #
#                            -Z(DATA)IOSTREAM_N#_..X_SRAM_BASE-_..X_SRAM_END,_ #
#                            ..X_EXT_SRAM_BASE-_..X_EXT_SRAM_END               #
#                            -Z(DATA)NEAR_HEAP+_..X_NEAR_HEAP_SIZE=_..X_SRAM_B #
#                            ASE-_..X_SRAM_END,_..X_EXT_SRAM_BASE-_..X_EXT_SRA #
#                            M_END                                             #
#                            -Z(XDATA)EEPROM_I,EEPROM_N=0-_..X_EEPROM_END      #
#                            -Z(CONST)NEAR_C=_..X_EXT_EPROM_BASE-_..X_EXT_EPRO #
#                            M_END                                             #
#                            -Z(DATA)NEAR_N=_..X_EXT_EEPROM_BASE-_..X_EXT_EEPR #
#                            OM_END                                            #
#                            -e_PrintfSmall=_Printf                            #
#                            -e_small_write=_formatted_write                   #
#                            -e_small_write_P=_formatted_write_P               #
#                            -e_ScanfSmall=_Scanf                              #
#                            -e_medium_read=_formatted_read                    #
#                            -e_medium_read_P=_formatted_read_P -w29) -s       #
#                            __program_start                                   #
#                            "E:\box\IAR Systems\Embedded Workbench 4.0 Evalua #
#                            tion\avr\LIB\DLIB\dlAVR-5s-ec-n.r90"              #
#                                                                              #
#                        Copyright 1987-2005 IAR Systems. All rights reserved. #
################################################################################





                ****************************************
                *                                      *
                *           CROSS REFERENCE            *
                *                                      *
                ****************************************

       Program entry at : CODE      00000000  Relocatable, from module : ?RESET




                ****************************************
                *                                      *
                *            RUNTIME MODEL             *
                *                                      *
                ****************************************

  EEPROM_SIZE            = 2
  R10                    = REG
  R11                    = REG
  R12                    = REG
  R13                    = REG
  R14                    = REG
  R15                    = REG
  R4                     = REG
  R5                     = REG
  R6                     = REG
  R7                     = REG
  R8                     = REG
  R9                     = REG
  __64bit_doubles        = disabled
  __cpu                  = 5
  __cpu_name             = ATmega2560
  __dlib_file_descriptor = 0
  __enhanced_core        = enabled
  __has_elpm             = true
  __memory_model         = 2
  __no_rampd             = enabled
  __rt_version           = 3



                ****************************************
                *                                      *
                *              MODULE MAP              *
                *                                      *
                ****************************************


  DEFINED ABSOLUTE ENTRIES
  PROGRAM MODULE, NAME : ?ABS_ENTRY_MOD

Absolute parts
           ENTRY                   ADDRESS         REF BY
           =====                   =======         ======
           _..X_EXT_EEPROM_END     000021FF 
           _..X_EXT_EEPROM_BASE    00000E70 
           _..X_EXT_EPROM_END      000021FF 
           _..X_EXT_EPROM_BASE     00000E70 
           _..X_EXT_SRAM_END       000021FF 
           _..X_EXT_SRAM_BASE      00000E70 
           _..X_NEAR_HEAP_SIZE     00000020 
           _..X_HEAP_SIZE          00000000 
           _..X_RSTACK_SIZE        00000040 
           _..X_CSTACK_SIZE        00000100 
           _..X_END_MY_STACK1      000021FF 
           _..X_START_MY_STACK1    000021E0 
           _..X_END_MY_SEG         00000E5F 
           _..X_START_MY_SEG       00000200 
           _..X_EEPROM_END         00000FFF 
           _..X_SRAM_END           000021FF 
           _..X_SRAM_TEND          00000100 
           _..X_SRAM_BASE          00000E70 
           _..X_END_ERRATA         00001C5F 
           _..X_START_ERRATA       00001C48 
           _..X_FLASH_END          0003FFFF 
           _..X_FLASH_NEND         0000FFFF 
           _..X_FLASH_TEND         000000FF 
           _..X_INTVEC_SIZE        000000E4 
    *************************************************************************

  FILE NAME : E:\sim800Elam2560_bootnew_i2cerr_a7682e\Debug\Obj\Appl_sec.r90
  PROGRAM MODULE, NAME : Appl_sec

  SEGMENTS IN THE MODULE
  ======================
FARCODE
  Relative segment, address: CODE 00002B40 - 00002C67 (0x128 bytes), align: 1
  Segment part 10.
           ENTRY                   ADDRESS         REF BY
           =====                   =======         ======
           write_to_buf            00002B40        ?Subroutine89 (base1)
                                                   monitor_change_state (base1)
               calls direct
               stack 1 = 00000000 ( 0000001A )
               stack 2 = 00000000 ( 00000003 )
    -------------------------------------------------------------------------
FARCODE
  Relative segment, address: CODE 00002C68 - 00002C6B (0x4 bytes), align: 1
  Segment part 11.            Intra module refs:   read_from_buf
                                                   write_to_buf
           LOCAL                   ADDRESS         
           =====                   =======         
           ?Subroutine5            00002C68 
    -------------------------------------------------------------------------
FARCODE
  Relative segment, address: CODE 00002C6C - 00002C83 (0x18 bytes), align: 1
  Segment part 12.            Intra module refs:   write_to_buf
           LOCAL                   ADDRESS         
           =====                   =======         
           ?Subroutine0            00002C6C 
    -------------------------------------------------------------------------
FARCODE
  Relative segment, address: CODE 00002C84 - 00002C89 (0x6 bytes), align: 1
  Segment part 13.            Intra module refs:   ?Subroutine0
                                                   ?Subroutine1
           LOCAL                   ADDRESS         
           =====                   =======         
           ?Subroutine6            00002C84 
    -------------------------------------------------------------------------
FARCODE
  Relative segment, address: CODE 00002C8A - 00002D1D (0x94 bytes), align: 1
  Segment part 14.
           ENTRY                   ADDRESS         REF BY
           =====                   =======         ======
           read_from_buf           00002C8A        Application_SEQ_tx (base1)
               calls direct
               stack 1 = 00000000 ( 00000016 )
               stack 2 = 00000000 ( 00000003 )
    -------------------------------------------------------------------------
FARCODE
  Relative segment, address: CODE 00002D1E - 00002D23 (0x6 bytes), align: 1
  Segment part 15.            Intra module refs:   read_from_buf
                                                   write_to_buf
           LOCAL                   ADDRESS         
           =====                   =======         
           ?Subroutine4            00002D1E 
    -------------------------------------------------------------------------
FARCODE
  Relative segment, address: CODE 00002D24 - 00002D29 (0x6 bytes), align: 1
  Segment part 16.            Intra module refs:   read_from_buf
                                                   write_to_buf
           LOCAL                   ADDRESS         
           =====                   =======         
           ?Subroutine3            00002D24 
    -------------------------------------------------------------------------
FARCODE
  Relative segment, address: CODE 00002D2A - 00002D35 (0xc bytes), align: 1
  Segment part 17.            Intra module refs:   read_from_buf
                                                   write_to_buf
           LOCAL                   ADDRESS         
           =====                   =======         
           ?Subroutine2            00002D2A 
    -------------------------------------------------------------------------
FARCODE
  Relative segment, address: CODE 00002D36 - 00002D4F (0x1a bytes), align: 1
  Segment part 18.            Intra module refs:   read_from_buf
           LOCAL                   ADDRESS         
           =====                   =======         
           ?Subroutine1            00002D36 
    -------------------------------------------------------------------------
ABSOLUTE
  Relative segment, address: DATA 0000001F, align: 0
  Segment part 1. ROOT.
           ENTRY                   ADDRESS         REF BY
           =====                   =======         ======
           __?EECR                 0000001F        Segment part 0 (?EEPROM_16)
                                                   Segment part 1 (?EEPROM_16)
                                                   Segment part 8 (?EEPROM_16)
    -------------------------------------------------------------------------
ABSOLUTE
  Relative segment, address: DATA 00000020, align: 0
  Segment part 2. ROOT.
           ENTRY                   ADDRESS         REF BY
           =====                   =======         ======
           __?EEDR                 00000020        __eeget8_16 (?EEPROM_16)
                                                   __eeput8_16 (?EEPROM_16)
    -------------------------------------------------------------------------
ABSOLUTE
  Relative segment, address: DATA 00000021, align: 0
  Segment part 3. ROOT.
           ENTRY                   ADDRESS         REF BY
           =====                   =======         ======
           __?EEARL                00000021        Segment part 1 (?EEPROM_16)
                                                   Segment part 8 (?EEPROM_16)
    -------------------------------------------------------------------------
ABSOLUTE
  Relative segment, address: DATA 00000022, align: 0
  Segment part 4. ROOT.
           ENTRY                   ADDRESS         REF BY
           =====                   =======         ======
           __?EEARH                00000022        Segment part 1 (?EEPROM_16)
                                                   Segment part 8 (?EEPROM_16)
    -------------------------------------------------------------------------
INITTAB
  Relative segment, address: CODE 000010BA - 000010C0 (0x7 bytes), align: 0
  Segment part 8.             Intra module refs:   Appl_RS232_2_data_buf (base1)
                                                   Appl_RS485_1_data_buf (base1)
                                                   Appl_RS485_2_data_buf (base1)
                                                   Appl_seq_buf (base1)
                                                   At_com (at_com4)
                                                   Buf1_rx_ppp (base1)
                                                   Buf2_rx_ppp (base1)
                                                   Regim (ldterm1)
                                                   Segment part 11 (control_tc)
                                                   Segment part 12 (fram1)
                                                   Segment part 13 (tchmem)
                                                   Segment part 16 (at_com4)
                                                   Segment part 19 (local)
                                                   Segment part 24 (fppp3)
                                                   Segment part 26 (fppp3)
                                                   Segment part 27 (fppp3)
                                                   Segment part 28 (fppp3)
                                                   Segment part 38 (ldterm1)
                                                   Segment part 41 (fppp3)
                                                   Segment part 43 (fppp3)
                                                   Segment part 47 (interr4)
                                                   Segment part 49 (interr4)
                                                   Segment part 54 (interr4)
                                                   Segment part 55 (interr4)
                                                   Segment part 56 (base1)
                                                   Segment part 58 (base1)
                                                   Segment part 6 (?rand)
                                                   Segment part 63 (base1)
                                                   Segment part 65 (base1)
                                                   Segment part 68 (base1)
                                                   Segment part 72 (base1)
                                                   Segment part 8 (control_tc)
                                                   Segment part 9 (kd)
                                                   Segment part 9 (ledmd)
                                                   arr_tii_32 (local)
                                                   bpa (bpa)
                                                   buf_tx_232 (base1)
                                                   c1_byte (local)
                                                   c2_byte (local)
                                                   c_config_tc (control_tc)
                                                   cnt_ip_tm_cntr (fppp3)
                                                   cnt_key_off (base1)
                                                   cnt_moto (local)
                                                   cnt_pap_tm_out (fppp3)
                                                   cnt_rst_lcp (fppp3)
                                                   cnt_rst_pap (fppp3)
                                                   cnt_rx1 (pins)
                                                   cnt_supervosor (spvisor)
                                                   emei (at_com4)
                                                   emei_emei (at_com4)
                                                   erri2c (fram1)
                                                   errno (?errno)
                                                   i_scj_ipcp (fppp3)
                                                   i_scj_lcp (fppp3)
                                                   i_sta_ipcp (fppp3)
                                                   i_sta_lcp (fppp3)
                                                   i_str_ipcp (fppp3)
                                                   i_str_lcp (fppp3)
                                                   keys (ldterm1)
                                                   modbus_mem1 (interr4)
                                                   old_realsec (local)
                                                   point_log_buf (logs)
                                                   start_ttii (local)
                                                   term (ldterm1)
                                                   test_mtc (ldterm1)
                                                   tim_prihod_uhod (tchmem)
                                                   timer_tii (local)
           ENTRY                   ADDRESS         REF BY
           =====                   =======         ======
           ?<Segment init: NEAR_Z>
                                   000010BA 

    *************************************************************************

  FILE NAME : E:\sim800Elam2560_bootnew_i2cerr_a7682e\Debug\Obj\JMP_BOOT.r90
  PROGRAM MODULE, NAME : JMP_BOOT

Absolute parts
     000000FF - 000000FF
           ENTRY                   ADDRESS         REF BY
           =====                   =======         ======
           boot                    0003FC00 
           reload_apl              0003FE00 
    *************************************************************************

  FILE NAME : E:\sim800Elam2560_bootnew_i2cerr_a7682e\Debug\Obj\R_flash.r90
  PROGRAM MODULE, NAME : R_flash

  SEGMENTS IN THE MODULE
  ======================
<CODE> 1 (was CODE)
  Relative segment, address: CODE 00000FD8 - 00001003 (0x2c bytes), align: 1
  Segment part 0. ROOT.
           ENTRY                   ADDRESS         REF BY
           =====                   =======         ======
           r_p_flash               00000FD8        proc_udp_data (fppp3)
           LOCAL                   ADDRESS         
           =====                   =======         
           Readloop                00000FEC 

    *************************************************************************

  FILE NAME : E:\sim800Elam2560_bootnew_i2cerr_a7682e\Debug\Obj\at_com4.r90
  PROGRAM MODULE, NAME : at_com4

  SEGMENTS IN THE MODULE
  ======================
ABSOLUTE
  Relative segment, address: DATA 00000136 - 00000136 (0x1 bytes), align: 0
  Segment part 1. ROOT.
           ENTRY                   ADDRESS         REF BY
           =====                   =======         ======
           _A_UDR3                 00000136 
    -------------------------------------------------------------------------
ABSOLUTE
  Relative segment, address: DATA 000000C6 - 000000C6 (0x1 bytes), align: 0
  Segment part 2. ROOT.
           ENTRY                   ADDRESS         REF BY
           =====                   =======         ======
           _A_UDR0                 000000C6 
    -------------------------------------------------------------------------
ABSOLUTE
  Relative segment, address: DATA 000000C4 - 000000C5 (0x2 bytes), align: 0
  Segment part 3. ROOT.
           ENTRY                   ADDRESS         REF BY
           =====                   =======         ======
           _A_UBRR0                000000C4 
    -------------------------------------------------------------------------
ABSOLUTE
  Relative segment, address: DATA 000000C1 - 000000C1 (0x1 bytes), align: 0
  Segment part 4. ROOT.
           ENTRY                   ADDRESS         REF BY
           =====                   =======         ======
           _A_UCSR0B               000000C1 
    -------------------------------------------------------------------------
ABSOLUTE
  Relative segment, address: DATA 0000002C - 0000002C (0x1 bytes), align: 0
  Segment part 5. ROOT.
           ENTRY                   ADDRESS         REF BY
           =====                   =======         ======
           _A_PINE                 0000002C 
    -------------------------------------------------------------------------
ABSOLUTE
  Relative segment, address: DATA 00000028 - 00000028 (0x1 bytes), align: 0
  Segment part 6. ROOT.
           ENTRY                   ADDRESS         REF BY
           =====                   =======         ======
           _A_PORTC                00000028 
    -------------------------------------------------------------------------
NEAR_F
  Relative segment, address: CODE 00000100 - 0000013D (0x3e bytes), align: 0
  Segment part 18.            Intra module refs:   at_com_rx
           ENTRY                   ADDRESS         REF BY
           =====                   =======         ======
           stm_pin1_err            0000011E 
           stm_pin1_ok             00000100 
           stm_pin2_err            0000012E 
           stm_pin2_ok             0000010F 
    -------------------------------------------------------------------------
FARCODE
  Relative segment, address: CODE 00002D50 - 00002DAF (0x60 bytes), align: 1
  Segment part 24.
           ENTRY                   ADDRESS         REF BY
           =====                   =======         ======
           sending_at_pac          00002D50        USART0_TX_interrupt (interr4)
               stack 1 = 00000000 ( 00000000 )
               stack 2 = 00000000 ( 00000003 )
    -------------------------------------------------------------------------
FARCODE
  Relative segment, address: CODE 00002DB0 - 00002FD1 (0x222 bytes), align: 1
  Segment part 25.            Intra module refs:   Segment part 79
           ENTRY                   ADDRESS         REF BY
           =====                   =======         ======
           at_com_tx               00002DB0        ?Subroutine226 (base1)
               calls direct
               stack 1 = 00000000 ( 00000006 )
               stack 2 = 00000000 ( 00000003 )
    -------------------------------------------------------------------------
FARCODE
  Relative segment, address: CODE 00002FD2 - 00002FDD (0xc bytes), align: 1
  Segment part 26.            Intra module refs:   at_com_tx
           LOCAL                   ADDRESS         
           =====                   =======         
           ?Subroutine22           00002FD2 
    -------------------------------------------------------------------------
FARCODE
  Relative segment, address: CODE 00002FDE - 00002FED (0x10 bytes), align: 1
  Segment part 27.            Intra module refs:   at_com_tx
           LOCAL                   ADDRESS         
           =====                   =======         
           ?Subroutine21           00002FDE 
    -------------------------------------------------------------------------
FARCODE
  Relative segment, address: CODE 00002FEE - 00002FF9 (0xc bytes), align: 1
  Segment part 28.            Intra module refs:   at_com_tx
           LOCAL                   ADDRESS         
           =====                   =======         
           ?Subroutine19           00002FEE 
    -------------------------------------------------------------------------
FARCODE
  Relative segment, address: CODE 00002FFA - 00003003 (0xa bytes), align: 1
  Segment part 29.            Intra module refs:   ?Subroutine17
                                                   ?Subroutine19
           LOCAL                   ADDRESS         
           =====                   =======         
           ?Subroutine37           00002FFA 
    -------------------------------------------------------------------------
FARCODE
  Relative segment, address: CODE 00003004 - 0000301D (0x1a bytes), align: 1
  Segment part 30.            Intra module refs:   at_com_tx
           LOCAL                   ADDRESS         
           =====                   =======         
           ?Subroutine18           00003004 
    -------------------------------------------------------------------------
FARCODE
  Relative segment, address: CODE 0000301E - 0000302B (0xe bytes), align: 1
  Segment part 31.            Intra module refs:   at_com_tx
           LOCAL                   ADDRESS         
           =====                   =======         
           ?Subroutine17           0000301E 
    -------------------------------------------------------------------------
FARCODE
  Relative segment, address: CODE 0000302C - 00003031 (0x6 bytes), align: 1
  Segment part 32.            Intra module refs:   at_com_tx
           LOCAL                   ADDRESS         
           =====                   =======         
           ?Subroutine16           0000302C 
    -------------------------------------------------------------------------
FARCODE
  Relative segment, address: CODE 00003032 - 00003037 (0x6 bytes), align: 1
  Segment part 33.            Intra module refs:   at_com_tx
           LOCAL                   ADDRESS         
           =====                   =======         
           ?Subroutine12           00003032 
    -------------------------------------------------------------------------
FARCODE
  Relative segment, address: CODE 00003038 - 00003045 (0xe bytes), align: 1
  Segment part 34.            Intra module refs:   at_com_tx
           LOCAL                   ADDRESS         
           =====                   =======         
           ?Subroutine11           00003038 
    -------------------------------------------------------------------------
FARCODE
  Relative segment, address: CODE 00003046 - 0000304F (0xa bytes), align: 1
  Segment part 35.            Intra module refs:   at_com_tx
           LOCAL                   ADDRESS         
           =====                   =======         
           ?Subroutine7            00003046 
    -------------------------------------------------------------------------
FARCODE
  Relative segment, address: CODE 00003050 - 00003053 (0x4 bytes), align: 1
  Segment part 36.            Intra module refs:   ?Subroutine4
                                                   ?Subroutine7
           LOCAL                   ADDRESS         
           =====                   =======         
           ?Subroutine39           00003050 
    -------------------------------------------------------------------------
FARCODE
  Relative segment, address: CODE 00003054 - 0000305D (0xa bytes), align: 1
  Segment part 37.            Intra module refs:   at_com_tx
                                                   sending_at_pac
           LOCAL                   ADDRESS         
           =====                   =======         
           ?Subroutine5            00003054 
    -------------------------------------------------------------------------
FARCODE
  Relative segment, address: CODE 0000305E - 00003065 (0x8 bytes), align: 1
  Segment part 38.            Intra module refs:   at_com_tx
           LOCAL                   ADDRESS         
           =====                   =======         
           ?Subroutine4            0000305E 
    -------------------------------------------------------------------------
FARCODE
  Relative segment, address: CODE 00003066 - 00003087 (0x22 bytes), align: 1
  Segment part 39.            Intra module refs:   at_com_tx
           LOCAL                   ADDRESS         
           =====                   =======         
           ?Subroutine1            00003066 
    -------------------------------------------------------------------------
FARCODE
  Relative segment, address: CODE 00003088 - 0000308B (0x4 bytes), align: 1
  Segment part 40.            Intra module refs:   ?Subroutine1
           LOCAL                   ADDRESS         
           =====                   =======         
           ?Subroutine40           00003088 
    -------------------------------------------------------------------------
FARCODE
  Relative segment, address: CODE 0000308C - 000030D3 (0x48 bytes), align: 1
  Segment part 41.            Intra module refs:   at_com_rx
           ENTRY                   ADDRESS         REF BY
           =====                   =======         ======
           check_rx_ok             0000308C 
               stack 1 = 00000000 ( 00000000 )
               stack 2 = 00000000 ( 00000003 )
    -------------------------------------------------------------------------
FARCODE
  Relative segment, address: CODE 000030D4 - 000030DB (0x8 bytes), align: 1
  Segment part 42.            Intra module refs:   ?Subroutine0
                                                   ?Subroutine14
                                                   ?Subroutine9
                                                   at_com_scen_init
                                                   at_com_scen_stm_dc_1
                                                   at_com_scen_stm_sc
                                                   check_rx_ok
           LOCAL                   ADDRESS         
           =====                   =======         
           ?Subroutine38           000030D4 
    -------------------------------------------------------------------------
FARCODE
  Relative segment, address: CODE 000030DC - 000032A9 (0x1ce bytes), align: 1
  Segment part 43.            Intra module refs:   Segment part 80
           ENTRY                   ADDRESS         REF BY
           =====                   =======         ======
           at_com_rx               000030DC        ?Subroutine226 (base1)
               calls direct
               stack 1 = 00000000 ( 00000008 )
               stack 2 = 00000000 ( 00000003 )
    -------------------------------------------------------------------------
FARCODE
  Relative segment, address: CODE 000032AA - 000032B3 (0xa bytes), align: 1
  Segment part 44.            Intra module refs:   at_com_rx
           LOCAL                   ADDRESS         
           =====                   =======         
           ?Subroutine33           000032AA 
    -------------------------------------------------------------------------
FARCODE
  Relative segment, address: CODE 000032B4 - 000032BB (0x8 bytes), align: 1
  Segment part 45.            Intra module refs:   at_com_rx
           LOCAL                   ADDRESS         
           =====                   =======         
           ?Subroutine32           000032B4 
    -------------------------------------------------------------------------
FARCODE
  Relative segment, address: CODE 000032BC - 000032C3 (0x8 bytes), align: 1
  Segment part 46.            Intra module refs:   at_com_rx
           LOCAL                   ADDRESS         
           =====                   =======         
           ?Subroutine31           000032BC 
    -------------------------------------------------------------------------
FARCODE
  Relative segment, address: CODE 000032C4 - 000032CB (0x8 bytes), align: 1
  Segment part 47.            Intra module refs:   at_com_rx
           LOCAL                   ADDRESS         
           =====                   =======         
           ?Subroutine30           000032C4 
    -------------------------------------------------------------------------
FARCODE
  Relative segment, address: CODE 000032CC - 000032D7 (0xc bytes), align: 1
  Segment part 48.            Intra module refs:   at_com_rx
           LOCAL                   ADDRESS         
           =====                   =======         
           ?Subroutine26           000032CC 
    -------------------------------------------------------------------------
FARCODE
  Relative segment, address: CODE 000032D8 - 000032DF (0x8 bytes), align: 1
  Segment part 49.            Intra module refs:   at_com_rx
           LOCAL                   ADDRESS         
           =====                   =======         
           ?Subroutine25           000032D8 
    -------------------------------------------------------------------------
FARCODE
  Relative segment, address: CODE 000032E0 - 000032EB (0xc bytes), align: 1
  Segment part 50.            Intra module refs:   at_com_rx
           LOCAL                   ADDRESS         
           =====                   =======         
           ?Subroutine24           000032E0 
    -------------------------------------------------------------------------
FARCODE
  Relative segment, address: CODE 000032EC - 000032ED (0x2 bytes), align: 1
  Segment part 51.            Intra module refs:   at_com_rx
                                                   at_com_tx
           LOCAL                   ADDRESS         
           =====                   =======         
           ?Subroutine10           000032EC 
    -------------------------------------------------------------------------
FARCODE
  Relative segment, address: CODE 000032EE - 000032F1 (0x4 bytes), align: 1
  Segment part 52.            Intra module refs:   ?Subroutine10
                                                   ?Subroutine20
           LOCAL                   ADDRESS         
           =====                   =======         
           ?Subroutine41           000032EE 
    -------------------------------------------------------------------------
FARCODE
  Relative segment, address: CODE 000032F2 - 000032F9 (0x8 bytes), align: 1
  Segment part 53.            Intra module refs:   at_com_rx
           LOCAL                   ADDRESS         
           =====                   =======         
           ?Subroutine9            000032F2 
    -------------------------------------------------------------------------
FARCODE
  Relative segment, address: CODE 000032FA - 000033CB (0xd2 bytes), align: 1
  Segment part 54.            Intra module refs:   Segment part 81
           ENTRY                   ADDRESS         REF BY
           =====                   =======         ======
           at_com_scen_init        000032FA        modem_engine (base1)
               stack 1 = 00000000 ( 00000007 )
               stack 2 = 00000000 ( 00000003 )
    -------------------------------------------------------------------------
FARCODE
  Relative segment, address: CODE 000033CC - 000033D1 (0x6 bytes), align: 1
  Segment part 55.            Intra module refs:   at_com_scen_init
           LOCAL                   ADDRESS         
           =====                   =======         
           ?Subroutine15           000033CC 
    -------------------------------------------------------------------------
FARCODE
  Relative segment, address: CODE 000033D2 - 000033DB (0xa bytes), align: 1
  Segment part 56.            Intra module refs:   at_com_scen_init
           LOCAL                   ADDRESS         
           =====                   =======         
           ?Subroutine2            000033D2 
    -------------------------------------------------------------------------
FARCODE
  Relative segment, address: CODE 000033DC - 000033ED (0x12 bytes), align: 1
  Segment part 57.            Intra module refs:   at_com_scen_init
           LOCAL                   ADDRESS         
           =====                   =======         
           ?Subroutine0            000033DC 
    -------------------------------------------------------------------------
NEAR_Z
  Relative segment, address: DATA 00000FD5 - 00000FEE (0x1a bytes), align: 0
  Segment part 16.            Intra module refs:   ?Subroutine27
                                                   ?Subroutine29
                                                   at_com_rx
                                                   at_com_scen_init
                                                   at_com_tx
                                                   check_rx_ok
                                                   init_scen_stm_si
           ENTRY                   ADDRESS         REF BY
           =====                   =======         ======
           P                       00000FE9 
           cnt_com                 00000FEC        ?Subroutine226 (base1)
           csq                     00000FD5        ret_version (ldterm1)
           fl_at_com               00000FEB        TIMER2_COMPA_interrupt (interr4)
                                                   USART0_RX_interrupt (interr4)
                                                   ret_version (ldterm1)
           fl_conf_modem           00000FEE 
           rep                     00000FED        ?Subroutine226 (base1)
    -------------------------------------------------------------------------
NEAR_Z
  Relative segment, address: DATA 00000FEF - 00001016 (0x28 bytes), align: 0
  Segment part 20.            Intra module refs:   at_com_rx
           ENTRY                   ADDRESS         REF BY
           =====                   =======         ======
           emei                    00000FEF        ret_version (ldterm1)
    -------------------------------------------------------------------------
NEAR_Z
  Relative segment, address: DATA 00001017 - 0000103E (0x28 bytes), align: 0
  Segment part 21.            Intra module refs:   at_com_rx
           ENTRY                   ADDRESS         REF BY
           =====                   =======         ======
           emei_emei               00001017        ret_version (ldterm1)
    -------------------------------------------------------------------------
NEAR_Z
  Relative segment, address: DATA 0000103F - 00001083 (0x45 bytes), align: 0
  Segment part 22.            Intra module refs:   ?Subroutine29
                                                   at_com_rx
                                                   at_com_scen_init
                                                   at_com_scen_stm_dc_1
                                                   at_com_scen_stm_sc
                                                   at_com_tx
                                                   check_rx_ok
                                                   init_scen_stm_si
                                                   sending_at_pac
           ENTRY                   ADDRESS         REF BY
           =====                   =======         ======
           At_com                  0000103F        TIMER2_COMPA_interrupt (interr4)
                                                   USART0_RX_interrupt (interr4)
    -------------------------------------------------------------------------
FARCODE
  Relative segment, address: CODE 000033EE - 000034C9 (0xdc bytes), align: 1
  Segment part 58.
           ENTRY                   ADDRESS         REF BY
           =====                   =======         ======
           init_scen_stm_si        000033EE        modem_engine (base1)
               calls direct
               stack 1 = 00000000 ( 00000008 )
               stack 2 = 00000000 ( 00000003 )
    -------------------------------------------------------------------------
FARCODE
  Relative segment, address: CODE 000034CA - 000034CD (0x4 bytes), align: 1
  Segment part 59.            Intra module refs:   at_com_scen_init
                                                   init_scen_stm_si
           LOCAL                   ADDRESS         
           =====                   =======         
           ?Subroutine20           000034CA 
    -------------------------------------------------------------------------
FARCODE
  Relative segment, address: CODE 000034CE - 000034E7 (0x1a bytes), align: 1
  Segment part 60.            Intra module refs:   init_scen_stm_si
           LOCAL                   ADDRESS         
           =====                   =======         
           ?Subroutine6            000034CE 
    -------------------------------------------------------------------------
FARCODE
  Relative segment, address: CODE 000034E8 - 000034F1 (0xa bytes), align: 1
  Segment part 61.
           ENTRY                   ADDRESS         REF BY
           =====                   =======         ======
           init_scen_stm_sc        000034E8        modem_engine (base1)
               stack 1 = 00000000 ( 00000000 )
               stack 2 = 00000000 ( 00000003 )
    -------------------------------------------------------------------------
FARCODE
  Relative segment, address: CODE 000034F2 - 00003541 (0x50 bytes), align: 1
  Segment part 62.
           ENTRY                   ADDRESS         REF BY
           =====                   =======         ======
           at_com_scen_stm_sc      000034F2        modem_engine (base1)
               stack 1 = 00000000 ( 00000000 )
               stack 2 = 00000000 ( 00000003 )
    -------------------------------------------------------------------------
FARCODE
  Relative segment, address: CODE 00003542 - 0000354B (0xa bytes), align: 1
  Segment part 63.            Intra module refs:   at_com_scen_init
                                                   at_com_scen_stm_dc_1
                                                   at_com_scen_stm_sc
           LOCAL                   ADDRESS         
           =====                   =======         
           ?Subroutine34           00003542 
    -------------------------------------------------------------------------
FARCODE
  Relative segment, address: CODE 0000354C - 00003555 (0xa bytes), align: 1
  Segment part 64.            Intra module refs:   at_com_scen_init
                                                   at_com_scen_stm_dc_1
                                                   at_com_scen_stm_sc
           LOCAL                   ADDRESS         
           =====                   =======         
           ?Subroutine28           0000354C 
    -------------------------------------------------------------------------
FARCODE
  Relative segment, address: CODE 00003556 - 0000355B (0x6 bytes), align: 1
  Segment part 65.            Intra module refs:   at_com_scen_stm_dc_1
                                                   at_com_scen_stm_sc
                                                   check_rx_ok
           LOCAL                   ADDRESS         
           =====                   =======         
           ?Subroutine27           00003556 
    -------------------------------------------------------------------------
FARCODE
  Relative segment, address: CODE 0000355C - 00003561 (0x6 bytes), align: 1
  Segment part 66.            Intra module refs:   at_com_scen_init
                                                   at_com_scen_stm_dc_1
                                                   at_com_scen_stm_sc
           LOCAL                   ADDRESS         
           =====                   =======         
           ?Subroutine14           0000355C 
    -------------------------------------------------------------------------
FARCODE
  Relative segment, address: CODE 00003562 - 00003567 (0x6 bytes), align: 1
  Segment part 67.            Intra module refs:   at_com_scen_stm_dc_1
                                                   at_com_scen_stm_sc
           LOCAL                   ADDRESS         
           =====                   =======         
           ?Subroutine8            00003562 
    -------------------------------------------------------------------------
FARCODE
  Relative segment, address: CODE 00003568 - 0000356B (0x4 bytes), align: 1
  Segment part 68.            Intra module refs:   ?Subroutine8
           LOCAL                   ADDRESS         
           =====                   =======         
           ?Subroutine42           00003568 
    -------------------------------------------------------------------------
FARCODE
  Relative segment, address: CODE 0000356C - 00003581 (0x16 bytes), align: 1
  Segment part 69.
           ENTRY                   ADDRESS         REF BY
           =====                   =======         ======
           init_scen_stm_dc_1      0000356C        modem_engine (base1)
               stack 1 = 00000000 ( 00000000 )
               stack 2 = 00000000 ( 00000003 )
    -------------------------------------------------------------------------
FARCODE
  Relative segment, address: CODE 00003582 - 00003597 (0x16 bytes), align: 1
  Segment part 70.            Intra module refs:   init_scen_stm_dc_1
                                                   init_scen_stm_sc
           LOCAL                   ADDRESS         
           =====                   =======         
           ?Subroutine29           00003582 
    -------------------------------------------------------------------------
FARCODE
  Relative segment, address: CODE 00003598 - 000035B1 (0x1a bytes), align: 1
  Segment part 71.            Intra module refs:   init_scen_stm_dc_1
                                                   init_scen_stm_sc
           LOCAL                   ADDRESS         
           =====                   =======         
           ?Subroutine23           00003598 
    -------------------------------------------------------------------------
FARCODE
  Relative segment, address: CODE 000035B2 - 00003641 (0x90 bytes), align: 1
  Segment part 72.
           ENTRY                   ADDRESS         REF BY
           =====                   =======         ======
           at_com_scen_stm_dc_1    000035B2        modem_engine (base1)
               stack 1 = 00000000 ( 00000000 )
               stack 2 = 00000000 ( 00000003 )
    -------------------------------------------------------------------------
NEAR_ID
  Relative segment, address: CODE 000010C8 - 0000117E (0xb7 bytes), align: 0
  Segment part 14.            Intra module refs:   Segment part 13
    -------------------------------------------------------------------------
INITTAB
  Relative segment, address: CODE 000010C1 - 000010C7 (0x7 bytes), align: 0
  Segment part 15.            Intra module refs:   Segment part 13
                                                   Segment part 3 (?rand)
                                                   Segment part 3 (?xprintfsmall)
                                                   Segment part 3 (?xstoul)
                                                   Segment part 30 (ldterm1)
                                                   Segment part 37 (base1)
                                                   Segment part 8 (local)
           ENTRY                   ADDRESS         REF BY
           =====                   =======         ======
           ?<Segment init: NEAR_I>
                                   000010C1 
    -------------------------------------------------------------------------
SWITCH
  Relative segment, address: CODE 00000AF0 - 00000B51 (0x62 bytes), align: 1
  Segment part 79.            Intra module refs:   at_com_tx
    -------------------------------------------------------------------------
SWITCH
  Relative segment, address: CODE 00000B52 - 00000BAB (0x5a bytes), align: 1
  Segment part 80.            Intra module refs:   at_com_rx
    -------------------------------------------------------------------------
SWITCH
  Relative segment, address: CODE 00000BAC - 00000BF5 (0x4a bytes), align: 1
  Segment part 81.            Intra module refs:   at_com_scen_init
    -------------------------------------------------------------------------
NEAR_I
  Relative segment, address: DATA 00000E70 - 00000F26 (0xb7 bytes), align: 0
  Segment part 13.            Intra module refs:   at_com_tx

    *************************************************************************

  FILE NAME : E:\sim800Elam2560_bootnew_i2cerr_a7682e\Debug\Obj\base1.r90
  PROGRAM MODULE, NAME : base1

  SEGMENTS IN THE MODULE
  ======================
ABSOLUTE
  Relative segment, address: DATA 00000134 - 00000135 (0x2 bytes), align: 0
  Segment part 2. ROOT.
           ENTRY                   ADDRESS         REF BY
           =====                   =======         ======
           _A_UBRR3                00000134 
    -------------------------------------------------------------------------
ABSOLUTE
  Relative segment, address: DATA 00000132 - 00000132 (0x1 bytes), align: 0
  Segment part 3. ROOT.
           ENTRY                   ADDRESS         REF BY
           =====                   =======         ======
           _A_UCSR3C               00000132 
    -------------------------------------------------------------------------
ABSOLUTE
  Relative segment, address: DATA 00000131 - 00000131 (0x1 bytes), align: 0
  Segment part 4. ROOT.
           ENTRY                   ADDRESS         REF BY
           =====                   =======         ======
           _A_UCSR3B               00000131 
    -------------------------------------------------------------------------
ABSOLUTE
  Relative segment, address: DATA 00000106 - 00000106 (0x1 bytes), align: 0
  Segment part 5. ROOT.
           ENTRY                   ADDRESS         REF BY
           =====                   =======         ======
           _A_PINK                 00000106 
    -------------------------------------------------------------------------
ABSOLUTE
  Relative segment, address: DATA 00000105 - 00000105 (0x1 bytes), align: 0
  Segment part 6. ROOT.
           ENTRY                   ADDRESS         REF BY
           =====                   =======         ======
           _A_PORTJ                00000105 
    -------------------------------------------------------------------------
ABSOLUTE
  Relative segment, address: DATA 00000102 - 00000102 (0x1 bytes), align: 0
  Segment part 7. ROOT.
           ENTRY                   ADDRESS         REF BY
           =====                   =======         ======
           _A_PORTH                00000102 
    -------------------------------------------------------------------------
ABSOLUTE
  Relative segment, address: DATA 000000D6 - 000000D6 (0x1 bytes), align: 0
  Segment part 8. ROOT.
           ENTRY                   ADDRESS         REF BY
           =====                   =======         ======
           _A_UDR2                 000000D6 
    -------------------------------------------------------------------------
ABSOLUTE
  Relative segment, address: DATA 000000D4 - 000000D5 (0x2 bytes), align: 0
  Segment part 9. ROOT.
           ENTRY                   ADDRESS         REF BY
           =====                   =======         ======
           _A_UBRR2                000000D4 
    -------------------------------------------------------------------------
ABSOLUTE
  Relative segment, address: DATA 000000D2 - 000000D2 (0x1 bytes), align: 0
  Segment part 10. ROOT.
           ENTRY                   ADDRESS         REF BY
           =====                   =======         ======
           _A_UCSR2C               000000D2 
    -------------------------------------------------------------------------
ABSOLUTE
  Relative segment, address: DATA 000000D1 - 000000D1 (0x1 bytes), align: 0
  Segment part 11. ROOT.
           ENTRY                   ADDRESS         REF BY
           =====                   =======         ======
           _A_UCSR2B               000000D1 
    -------------------------------------------------------------------------
ABSOLUTE
  Relative segment, address: DATA 000000D0 - 000000D0 (0x1 bytes), align: 0
  Segment part 12. ROOT.
           ENTRY                   ADDRESS         REF BY
           =====                   =======         ======
           _A_UCSR2A               000000D0 
    -------------------------------------------------------------------------
ABSOLUTE
  Relative segment, address: DATA 000000CC - 000000CD (0x2 bytes), align: 0
  Segment part 13. ROOT.
           ENTRY                   ADDRESS         REF BY
           =====                   =======         ======
           _A_UBRR1                000000CC 
    -------------------------------------------------------------------------
ABSOLUTE
  Relative segment, address: DATA 000000CA - 000000CA (0x1 bytes), align: 0
  Segment part 14. ROOT.
           ENTRY                   ADDRESS         REF BY
           =====                   =======         ======
           _A_UCSR1C               000000CA 
    -------------------------------------------------------------------------
ABSOLUTE
  Relative segment, address: DATA 000000C9 - 000000C9 (0x1 bytes), align: 0
  Segment part 15. ROOT.
           ENTRY                   ADDRESS         REF BY
           =====                   =======         ======
           _A_UCSR1B               000000C9 
    -------------------------------------------------------------------------
ABSOLUTE
  Relative segment, address: DATA 000000C0 - 000000C0 (0x1 bytes), align: 0
  Segment part 19. ROOT.
           ENTRY                   ADDRESS         REF BY
           =====                   =======         ======
           _A_UCSR0A               000000C0 
    -------------------------------------------------------------------------
ABSOLUTE
  Relative segment, address: DATA 00000060 - 00000060 (0x1 bytes), align: 0
  Segment part 20. ROOT.
           ENTRY                   ADDRESS         REF BY
           =====                   =======         ======
           _A_WDTCSR               00000060 
    -------------------------------------------------------------------------
ABSOLUTE
  Relative segment, address: DATA 0000005F - 0000005F (0x1 bytes), align: 0
  Segment part 21. ROOT.
           ENTRY                   ADDRESS         REF BY
           =====                   =======         ======
           _A_SREG                 0000005F 
    -------------------------------------------------------------------------
ABSOLUTE
  Relative segment, address: DATA 00000054 - 00000054 (0x1 bytes), align: 0
  Segment part 22. ROOT.
           ENTRY                   ADDRESS         REF BY
           =====                   =======         ======
           _A_MCUSR                00000054 
    -------------------------------------------------------------------------
ABSOLUTE
  Relative segment, address: DATA 00000034 - 00000034 (0x1 bytes), align: 0
  Segment part 23. ROOT.
           ENTRY                   ADDRESS         REF BY
           =====                   =======         ======
           _A_PORTG                00000034 
    -------------------------------------------------------------------------
ABSOLUTE
  Relative segment, address: DATA 0000002E - 0000002E (0x1 bytes), align: 0
  Segment part 24. ROOT.
           ENTRY                   ADDRESS         REF BY
           =====                   =======         ======
           _A_PORTE                0000002E 
    -------------------------------------------------------------------------
ABSOLUTE
  Relative segment, address: DATA 0000002B - 0000002B (0x1 bytes), align: 0
  Segment part 26. ROOT.
           ENTRY                   ADDRESS         REF BY
           =====                   =======         ======
           _A_PORTD                0000002B 
    -------------------------------------------------------------------------
ABSOLUTE
  Relative segment, address: DATA 00000025 - 00000025 (0x1 bytes), align: 0
  Segment part 28. ROOT.
           ENTRY                   ADDRESS         REF BY
           =====                   =======         ======
           _A_PORTB                00000025 
    -------------------------------------------------------------------------
NEAR_F
  Relative segment, address: CODE 0000013E - 0000023D (0x100 bytes), align: 0
  Segment part 40.            Intra module refs:   crc_485
           ENTRY                   ADDRESS         REF BY
           =====                   =======         ======
           tab_crc                 0000013E        ds_handler (tchmem)
    -------------------------------------------------------------------------
NEAR_F
  Relative segment, address: CODE 0000023E - 0000025E (0x21 bytes), align: 0
  Segment part 41.            Intra module refs:   start_func_stm_on
           ENTRY                   ADDRESS         REF BY
           =====                   =======         ======
           stm_base_sim            00000248 
           stm_pwr_on              0000023E 
           stm_res_sim             00000254 
    -------------------------------------------------------------------------
NEAR_F
  Relative segment, address: CODE 0000025F - 00000269 (0xb bytes), align: 0
  Segment part 42.            Intra module refs:   start_func_stm_pwk
           ENTRY                   ADDRESS         REF BY
           =====                   =======         ======
           stm_pwr_kon             0000025F 
    -------------------------------------------------------------------------
NEAR_F
  Relative segment, address: CODE 0000026A - 00000274 (0xb bytes), align: 0
  Segment part 43.            Intra module refs:   start_func_stm_off
           ENTRY                   ADDRESS         REF BY
           =====                   =======         ======
           stm_pwr_off             0000026A 
    -------------------------------------------------------------------------
NEAR_F
  Relative segment, address: CODE 00000275 - 00000280 (0xc bytes), align: 0
  Segment part 44.            Intra module refs:   start_func_stm_koff
           ENTRY                   ADDRESS         REF BY
           =====                   =======         ======
           stm_pwr_koff            00000275 
    -------------------------------------------------------------------------
NEAR_F
  Relative segment, address: CODE 00000281 - 000002DF (0x5f bytes), align: 0
  Segment part 45.            Intra module refs:   ?Subroutine51
                                                   ?Subroutine52
                                                   ?Subroutine53
                                                   ?Subroutine54
                                                   ?Subroutine55
                                                   modem_engine
           ENTRY                   ADDRESS         REF BY
           =====                   =======         ======
           evm_at_err              000002A1 
           evm_ch_sim              000002D6 
           evm_cts_err             000002CB 
           evm_dcd_err             000002B6 
           evm_no_rec              000002C1 
           evm_ppp_err             000002AB 
           evm_tm                  0000029B 
           stm_ppp                 00000294 
           stm_sc                  00000287 
           stm_scp                 0000028D 
           stm_si                  00000281 
    -------------------------------------------------------------------------
NEAR_F
  Relative segment, address: CODE 000002E0 - 000002FF (0x20 bytes), align: 0
  Segment part 49.            Intra module refs:   monitor_change_state
           ENTRY                   ADDRESS         REF BY
           =====                   =======         ======
           evc_alarm               000002E9 
           evc_taken               000002E0 
           evc_ts1                 000002F2 
           evc_ts2                 000002F9 
    -------------------------------------------------------------------------
NEAR_F
  Relative segment, address: CODE 00000300 - 00000308 (0x9 bytes), align: 0
  Segment part 50.            Intra module refs:   monitor_beg_state_seq
           ENTRY                   ADDRESS         REF BY
           =====                   =======         ======
           evc_state               00000300 
    -------------------------------------------------------------------------
NEAR_F
  Relative segment, address: CODE 00000309 - 00000324 (0x1c bytes), align: 0
  Segment part 51.            Intra module refs:   monitor_rst
           ENTRY                   ADDRESS         REF BY
           =====                   =======         ======
           evc_bod                 00000310 
           evc_pwr                 0000031E 
           evc_rst                 00000317 
           evc_wdr                 00000309 
    -------------------------------------------------------------------------
NEAR_F
  Relative segment, address: CODE 00000325 - 0000032B (0x7 bytes), align: 0
  Segment part 52.            Intra module refs:   Application_SEQ_tx
           ENTRY                   ADDRESS         REF BY
           =====                   =======         ======
           msg_evc                 00000325 
    -------------------------------------------------------------------------
NEAR_F
  Relative segment, address: CODE 0000032C - 00000336 (0xb bytes), align: 0
  Segment part 53.            Intra module refs:   monitor_cntr_ch
           ENTRY                   ADDRESS         REF BY
           =====                   =======         ======
           msg_ctrl_ch             0000032C 
    -------------------------------------------------------------------------
NEAR_F
  Relative segment, address: CODE 00000337 - 00000342 (0xc bytes), align: 0
  Segment part 54.            Intra module refs:   monitor_cntr_nat
           ENTRY                   ADDRESS         REF BY
           =====                   =======         ======
           msg_ctrl_nat            00000337 
    -------------------------------------------------------------------------
NEAR_F
  Relative segment, address: CODE 00000343 - 0000034E (0xc bytes), align: 0
  Segment part 55.            Intra module refs:   monitor_cntr_cl_seq
           ENTRY                   ADDRESS         REF BY
           =====                   =======         ======
           req_out_ctrl_cl         00000343 
    -------------------------------------------------------------------------
EEPROM_AN
  Relative segment, address: XDATA 00000001 - 00000001 (0x1 bytes), align: 0
  Segment part 29. ROOT.
           ENTRY                   ADDRESS         REF BY
           =====                   =======         ======
           e_rw_pdp                00000001 
    -------------------------------------------------------------------------
EEPROM_AN
  Relative segment, address: XDATA 00000002 - 00000002 (0x1 bytes), align: 0
  Segment part 30. ROOT.
           ENTRY                   ADDRESS         REF BY
           =====                   =======         ======
           e_rw_pdp_r              00000002 
    -------------------------------------------------------------------------
NEAR_F
  Relative segment, address: CODE 0000034F - 0000044E (0x100 bytes), align: 0
  Segment part 60.            Intra module refs:   ?Subroutine61
                                                   ?Subroutine62
                                                   ?Subroutine77
                                                   ?Subroutine78
                                                   ?Subroutine79
                                                   ?Subroutine80
                                                   ?Subroutine81
           ENTRY                   ADDRESS         REF BY
           =====                   =======         ======
           auchCRCHi               0000034F 
    -------------------------------------------------------------------------
NEAR_F
  Relative segment, address: CODE 0000044F - 0000054E (0x100 bytes), align: 0
  Segment part 61.            Intra module refs:   ?Subroutine61
                                                   ?Subroutine62
                                                   ?Subroutine79
                                                   ?Subroutine81
                                                   ?Subroutine84
                                                   ?Subroutine85
                                                   ?Subroutine86
                                                   ?Subroutine87
                                                   ?Subroutine88
           ENTRY                   ADDRESS         REF BY
           =====                   =======         ======
           auchCRCLo               0000044F 
    -------------------------------------------------------------------------
NEAR_Z
  Relative segment, address: DATA 00001084 - 00001095 (0x12 bytes), align: 0
  Segment part 56.            Intra module refs:   ?Subroutine242
                                                   ?Subroutine249
                                                   ?Subroutine26
                                                   check_wdt
                                                   control_temperatura
                                                   load_par_from_memory
                                                   monitor_rst
                                                   monitor_wr_truffic
           ENTRY                   ADDRESS         REF BY
           =====                   =======         ======
           cnt_incom               0000108C        TIMER3_COMPA_interrupt (interr4)
                                                   USART0_RX_interrupt (interr4)
                                                   proc_udp_data (fppp3)
           cnt_outcom              00001088        TIMER3_COMPA_interrupt (interr4)
                                                   USART0_TX_interrupt (interr4)
                                                   proc_udp_data (fppp3)
           fl_truffic              00001095 
           prov_ozu                00001090        main (main)
                                                   proc_udp_data (fppp3)
           temperatura             00001092        ?Subroutine122 (ldterm1)
                                                   ADC_interrupt (interr4)
           time_cnt_ch_time        00001094        TIMER3_COMPA_interrupt (interr4)
           unix                    00001084        ?Subroutine1 (local)
                                                   ?Subroutine17 (local)
                                                   ?Subroutine18 (local)
                                                   ?Subroutine21 (local)
                                                   ?Subroutine22 (local)
                                                   ?Subroutine23 (local)
                                                   ?Subroutine24 (local)
                                                   ?Subroutine49 (fppp3)
                                                   burst_ds_r (fram1)
                                                   end_zamer (local)
                                                   local_psm (local)
    -------------------------------------------------------------------------
NEAR_N
  Relative segment, address: DATA 00002136 - 00002148 (0x13 bytes), align: 0
  Segment part 62.            Intra module refs:   check_wdt
                                                   clr_cntr_nat
                                                   func_crc_tii
                                                   modem_engine
                                                   monitor_rst
                                                   start_func_stm_on
           ENTRY                   ADDRESS         REF BY
           =====                   =======         ======
           cnt_tii                 00002138        ?Subroutine244 (fppp3)
                                                   proc_udp_data (fppp3)
           crc_tii                 00002136        TIMER3_COMPA_interrupt (interr4)
                                                   proc_udp_data (fppp3)
           simka                   00002148        ?Subroutine0 (ledmd)
                                                   ?Subroutine11 (at_com4)
                                                   ?Subroutine24 (at_com4)
                                                   TIMER3_COMPA_interrupt (interr4)
                                                   init_scen_stm_si (at_com4)
                                                   monitor_act_PAP (fppp3)
                                                   ret_version (ldterm1)
    -------------------------------------------------------------------------
NEAR_Z
  Relative segment, address: DATA 00001096 - 000010D4 (0x3f bytes), align: 0
  Segment part 58.            Intra module refs:   ?Subroutine100
                                                   ?Subroutine109
                                                   ?Subroutine169
                                                   ?Subroutine177
                                                   ?Subroutine18
                                                   ?Subroutine248
                                                   ?Subroutine6
                                                   ?Subroutine91
                                                   Application_SEQ_tx
                                                   clr_cntr_link
                                                   clr_var_ppp
                                                   monitor1_rec_rs232_2
                                                   monitor1_tm_rs232_2
                                                   monitor1_tm_rs485_1
                                                   monitor1_tx_rs485_1
                                                   monitor_change_state
                                                   monitor_rst
           ENTRY                   ADDRESS         REF BY
           =====                   =======         ======
           Appl_RS485_1            00001096        proc_udp_data (fppp3)
           Appl_RS485_2            000010A9        proc_udp_data (fppp3)
           Fl_ch_sim               000010CD        ?Subroutine28 (interr4)
           cnt_cts_off             000010C6        TIMER2_COMPA_interrupt (interr4)
           cnt_link_res            000010C0        TIMER3_COMPA_interrupt (interr4)
           cnt_no_link             000010BC        ?Subroutine79 (fppp3)
                                                   TIMER3_COMPA_interrupt (interr4)
                                                   proc_option (fppp3)
                                                   proc_udp_data (fppp3)
           cnt_stm_tm1             000010CB        TIMER3_COMPA_interrupt (interr4)
           cnt_stm_tm2             000010CC        TIMER3_COMPA_interrupt (interr4)
           command_AT              000010CA        USART0_RX_interrupt (interr4)
                                                   USART0_TX_interrupt (interr4)
           count_ppp_down          000010D4 
           count_tx_ppp            000010C4        ?Subroutine32 (interr4)
                                                   ?Subroutine43 (fppp3)
                                                   ?Subroutine46 (fppp3)
                                                   ?Subroutine51 (fppp3)
                                                   run_ipcp_act (fppp3)
                                                   send_terminate_lcp (fppp3)
                                                   sending_ppp_pac (interr4)
           event_modem             000010C9        ?Subroutine28 (at_com4)
                                                   ?Subroutine34 (at_com4)
                                                   ?Subroutine57 (fppp3)
                                                   TIMER2_COMPA_interrupt (interr4)
                                                   TIMER3_COMPA_interrupt (interr4)
                                                   at_com_scen_init (at_com4)
                                                   at_com_scen_stm_dc_1 (at_com4)
                                                   run_ipcp_act (fppp3)
           fl_appl_seq             000010D1        TIMER3_COMPA_interrupt (interr4)
                                                   proc_option (fppp3)
                                                   proc_udp_data (fppp3)
           fl_appl_seq1            000010D2        TIMER3_COMPA_interrupt (interr4)
                                                   proc_udp_data (fppp3)
           fl_cts_232_ignor        000010CF        TIMER2_COMPA_interrupt (interr4)
                                                   USART0_TX_interrupt (interr4)
           fl_tx485                000010D0 
           fl_wdt                  000010CE        ?Subroutine26 (interr4)
           layer_PPP               000010D3        ?Subroutine197 (fppp3)
                                                   monitor_event_PAP (fppp3)
[...]
           __segment_init          0000FA2A        ?need_segment_init (?C_STARTUP)
               calls direct
               stack 1 = 00000000 ( 00000000 )
               stack 2 = 00000000 ( 00000003 )

    -------------------------------------------------------------------------
  LIBRARY MODULE, NAME : ?sprintf

  SEGMENTS IN THE MODULE
  ======================
FARCODE
  Relative segment, address: CODE 0000FA8A - 0000FADD (0x54 bytes), align: 1
  Segment part 3.
           ENTRY                   ADDRESS         REF BY
           =====                   =======         ======
           sprintf                 0000FA8A        ?Subroutine10 (ldterm1)
                                                   ?Subroutine11 (ldterm1)
                                                   ?Subroutine12 (ldterm1)
                                                   ?Subroutine43 (base1)
                                                   ?Subroutine44 (base1)
                                                   ?Subroutine46 (base1)
                                                   ?Subroutine49 (ldterm1)
                                                   ?Subroutine71 (ldterm1)
                                                   ?Subroutine72 (ldterm1)
                                                   send_info (base1)
               calls direct
               stack 1 = 00000000 ( 0000000A )
               stack 2 = 00000000 ( 00000003 )

    -------------------------------------------------------------------------
  LIBRARY MODULE, NAME : ?strchr

  SEGMENTS IN THE MODULE
  ======================
FARCODE
  Relative segment, address: CODE 0000FADE - 0000FAF3 (0x16 bytes), align: 1
  Segment part 7.
           ENTRY                   ADDRESS         REF BY
           =====                   =======         ======
           _Strchr                 0000FADE        _PrintfSmall (?xprintfsmall)
               stack 1 = 00000000 ( 00000000 )
               stack 2 = 00000000 ( 00000003 )

    -------------------------------------------------------------------------
  LIBRARY MODULE, NAME : ?strcpy

  SEGMENTS IN THE MODULE
  ======================
FARCODE
  Relative segment, address: CODE 0000FAF4 - 0000FB0B (0x18 bytes), align: 1
  Segment part 6.
           ENTRY                   ADDRESS         REF BY
           =====                   =======         ======
           strcpy                  0000FAF4        ?Subroutine11 (at_com4)
                                                   ?Subroutine12 (at_com4)
               stack 1 = 00000000 ( 00000000 )
               stack 2 = 00000000 ( 00000003 )

    -------------------------------------------------------------------------
  LIBRARY MODULE, NAME : ?strlen

  SEGMENTS IN THE MODULE
  ======================
FARCODE
  Relative segment, address: CODE 0000FB0C - 0000FB1F (0x14 bytes), align: 1
  Segment part 6.
           ENTRY                   ADDRESS         REF BY
           =====                   =======         ======
           strlen                  0000FB0C        ?Subroutine10 (ldterm1)
                                                   ?Subroutine11 (ldterm1)
                                                   ?Subroutine12 (ldterm1)
                                                   ?Subroutine16 (at_com4)
                                                   ?Subroutine258 (base1)
                                                   ?Subroutine43 (base1)
                                                   ?Subroutine44 (base1)
                                                   ?Subroutine46 (base1)
                                                   ?Subroutine49 (ldterm1)
                                                   ?Subroutine66 (base1)
                                                   ?Subroutine70 (ldterm1)
                                                   _PrintfSmall (?xprintfsmall)
                                                   send_info (base1)
               stack 1 = 00000000 ( 00000000 )
               stack 2 = 00000000 ( 00000003 )

    -------------------------------------------------------------------------
  LIBRARY MODULE, NAME : ?xprintfsmall

  SEGMENTS IN THE MODULE
  ======================
FARCODE
  Relative segment, address: CODE 0000FB20 - 0000FE71 (0x352 bytes), align: 1
  Segment part 6.
           ENTRY                   ADDRESS         REF BY
           =====                   =======         ======
           _PrintfSmall            0000FB20        sprintf (?sprintf)
               calls direct
               stack 1 = 00000000 ( 00000062 )
               stack 2 = 00000000 ( 00000006 )
    -------------------------------------------------------------------------
FARCODE
  Relative segment, address: CODE 0000FE72 - 0000FE7B (0xa bytes), align: 1
  Segment part 7.             Intra module refs:   _PrintfSmall
    -------------------------------------------------------------------------
FARCODE
  Relative segment, address: CODE 0000FE7C - 0000FE8B (0x10 bytes), align: 1
  Segment part 8.             Intra module refs:   _PrintfSmall
    -------------------------------------------------------------------------
FARCODE
  Relative segment, address: CODE 0000FE8C - 0000FE9B (0x10 bytes), align: 1
  Segment part 9.             Intra module refs:   _PrintfSmall
    -------------------------------------------------------------------------
FARCODE
  Relative segment, address: CODE 0000FE9C - 0000FE9D (0x2 bytes), align: 1
  Segment part 10.            Intra module refs:   _PrintfSmall
    -------------------------------------------------------------------------
FARCODE
  Relative segment, address: CODE 0000FE9E - 0000FEA3 (0x6 bytes), align: 1
  Segment part 11.            Intra module refs:   Segment part 10
                                                   Segment part 16
                                                   _PrintfSmall
    -------------------------------------------------------------------------
FARCODE
  Relative segment, address: CODE 0000FEA4 - 0000FEA9 (0x6 bytes), align: 1
  Segment part 12.            Intra module refs:   Segment part 10
                                                   Segment part 15
                                                   _PrintfSmall
    -------------------------------------------------------------------------
FARCODE
  Relative segment, address: CODE 0000FEAA - 0000FEB1 (0x8 bytes), align: 1
  Segment part 13.            Intra module refs:   _PrintfSmall
    -------------------------------------------------------------------------
FARCODE
  Relative segment, address: CODE 0000FEB2 - 0000FEC5 (0x14 bytes), align: 1
  Segment part 14.            Intra module refs:   _PrintfSmall
    -------------------------------------------------------------------------
FARCODE
  Relative segment, address: CODE 0000FEC6 - 0000FEC7 (0x2 bytes), align: 1
  Segment part 15.            Intra module refs:   _PrintfSmall
    -------------------------------------------------------------------------
FARCODE
  Relative segment, address: CODE 0000FEC8 - 0000FED1 (0xa bytes), align: 1
  Segment part 16.            Intra module refs:   Segment part 13
                                                   Segment part 15
                                                   _PrintfSmall
    -------------------------------------------------------------------------
FARCODE
  Relative segment, address: CODE 0000FED2 - 0000FED9 (0x8 bytes), align: 1
  Segment part 17.            Intra module refs:   Segment part 16
                                                   _PrintfSmall
    -------------------------------------------------------------------------
FARCODE
  Relative segment, address: CODE 0000FEDA - 0000FEDD (0x4 bytes), align: 1
  Segment part 18.            Intra module refs:   Segment part 17
                                                   Segment part 23
    -------------------------------------------------------------------------
FARCODE
  Relative segment, address: CODE 0000FEDE - 0000FEE1 (0x4 bytes), align: 1
  Segment part 19.            Intra module refs:   _PrintfSmall
                                                   pad
    -------------------------------------------------------------------------
FARCODE
  Relative segment, address: CODE 0000FEE2 - 0000FEE5 (0x4 bytes), align: 1
  Segment part 20.            Intra module refs:   Segment part 19
                                                   Segment part 24
    -------------------------------------------------------------------------
FARCODE
  Relative segment, address: CODE 0000FEE6 - 0000FEEB (0x6 bytes), align: 1
  Segment part 21.            Intra module refs:   _PrintfSmall
    -------------------------------------------------------------------------
FARCODE
  Relative segment, address: CODE 0000FEEC - 0000FEF5 (0xa bytes), align: 1
  Segment part 22.            Intra module refs:   Segment part 21
                                                   _PrintfSmall
    -------------------------------------------------------------------------
FARCODE
  Relative segment, address: CODE 0000FEF6 - 0000FEFB (0x6 bytes), align: 1
  Segment part 23.            Intra module refs:   _PrintfSmall
    -------------------------------------------------------------------------
FARCODE
  Relative segment, address: CODE 0000FEFC - 0000FF05 (0xa bytes), align: 1
  Segment part 24.            Intra module refs:   _PrintfSmall
    -------------------------------------------------------------------------
FARCODE
  Relative segment, address: CODE 0000FF06 - 0000FF35 (0x30 bytes), align: 1
  Segment part 25.            Intra module refs:   Segment part 24
           LOCAL                   ADDRESS         
           =====                   =======         
           pad                     0000FF06 
               calls direct
               stack 1 = 00000000 ( 00000007 )
               stack 2 = 00000000 ( 00000003 )
    -------------------------------------------------------------------------
FARCODE
  Relative segment, address: CODE 0000FF36 - 0000FF3B (0x6 bytes), align: 1
  Segment part 26.            Intra module refs:   _PutcharsSmall
                                                   pad
    -------------------------------------------------------------------------
FARCODE
  Relative segment, address: CODE 0000FF3C - 00010085 (0x14a bytes), align: 1
  Segment part 27.            Intra module refs:   _PrintfSmall
           LOCAL                   ADDRESS         
           =====                   =======         
           _LitobSmall             0000FF3C 
               stack 1 = 00000000 ( 00000013 )
               stack 2 = 00000000 ( 00000006 )
    -------------------------------------------------------------------------
FARCODE
  Relative segment, address: CODE 00010086 - 00010091 (0xc bytes), align: 1
  Segment part 28.            Intra module refs:   _LitobSmall
    -------------------------------------------------------------------------
FARCODE
  Relative segment, address: CODE 00010092 - 000100CF (0x3e bytes), align: 1
  Segment part 29.            Intra module refs:   _PrintfSmall
                                                   _PutcharsSmall
           LOCAL                   ADDRESS         
           =====                   =======         
           _PutcharSmall           00010092 
               calls indirect
               stack 1 = 00000000 ( 00000002 )
               stack 2 = 00000000 ( 00000003 )
    -------------------------------------------------------------------------
FARCODE
  Relative segment, address: CODE 000100D0 - 000100F7 (0x28 bytes), align: 1
  Segment part 30.            Intra module refs:   Segment part 19
           LOCAL                   ADDRESS         
           =====                   =======         
           _PutcharsSmall          000100D0 
               calls direct
               stack 1 = 00000000 ( 00000006 )
               stack 2 = 00000000 ( 00000003 )
    -------------------------------------------------------------------------
NEAR_ID
  Relative segment, address: CODE 000011DD - 000011E2 (0x6 bytes), align: 0
  Segment part 4.             Intra module refs:   Segment part 3
    -------------------------------------------------------------------------
NEAR_I
  Relative segment, address: DATA 00000F85 - 00000F8A (0x6 bytes), align: 0
  Segment part 3.             Intra module refs:   _PrintfSmall

    -------------------------------------------------------------------------
  LIBRARY MODULE, NAME : ?xsprout

  SEGMENTS IN THE MODULE
  ======================
FARCODE
  Relative segment, address: CODE 000100F8 - 00010113 (0x1c bytes), align: 1
  Segment part 3.
           ENTRY                   ADDRESS         REF BY
           =====                   =======         ======
           _SProut                 000100F8        sprintf (?sprintf)
               stack 1 = 00000000 ( 00000000 )
               stack 2 = 00000000 ( 00000003 )

    -------------------------------------------------------------------------
  LIBRARY MODULE, NAME : ?xstoul

  SEGMENTS IN THE MODULE
  ======================
FARCODE
  Relative segment, address: CODE 00010114 - 0001012B (0x18 bytes), align: 1
  Segment part 6.             Intra module refs:   _Stoul
           ENTRY                   ADDRESS         REF BY
           =====                   =======         ======
           _LocaleC_tolower        00010114 
               stack 1 = 00000000 ( 00000000 )
               stack 2 = 00000000 ( 00000003 )
    -------------------------------------------------------------------------
NEAR_I
  Relative segment, address: DATA 00000F8B - 00000FD4 (0x4a bytes), align: 0
  Segment part 3.             Intra module refs:   _Stoul
    -------------------------------------------------------------------------
FARCODE
  Relative segment, address: CODE 0001012C - 000102DB (0x1b0 bytes), align: 1
  Segment part 7.
           ENTRY                   ADDRESS         REF BY
           =====                   =======         ======
           _Stoul                  0001012C        atol (ldterm1)
               calls direct
               stack 1 = 00000000 ( 00000016 )
               stack 2 = 00000000 ( 00000006 )
    -------------------------------------------------------------------------
FARCODE
  Relative segment, address: CODE 000102DC - 000102E3 (0x8 bytes), align: 1
  Segment part 8.             Intra module refs:   _Stoul
    -------------------------------------------------------------------------
NEAR_ID
  Relative segment, address: CODE 000011E3 - 0000122C (0x4a bytes), align: 0
  Segment part 4.             Intra module refs:   Segment part 3

    -------------------------------------------------------------------------
  LIBRARY MODULE, NAME : ?__exit

  SEGMENTS IN THE MODULE
  ======================
FARCODE
  Relative segment, address: CODE 000102E4 - 000102E5 (0x2 bytes), align: 1
  Segment part 3.
           ENTRY                   ADDRESS         REF BY
           =====                   =======         ======
           __exit                  000102E4        Segment part 5 (?_exit)
               not allocated function

    *************************************************************************

  DEFINED ABSOLUTE ENTRIES
  PROGRAM MODULE, NAME : ?FILLER_BYTES

  SEGMENTS IN THE MODULE
  ======================
INTVEC
  Common segment, address: CODE 00000000 - 000000E3 (0xe4 bytes), align: 0
  Segment part 0.




                ****************************************
                *                                      *
                *      SEGMENTS IN ADDRESS ORDER       *
                *                                      *
                ****************************************


SEGMENT              SPACE    START ADDRESS   END ADDRESS     SIZE  TYPE  ALIGN
=======              =====    =============   ===========     ====  ====  =====
INTVEC               CODE          00000000 - 000000E3          E4   com    1
NEAR_F               CODE          00000100 - 00000AEF         9F0   rel    0
SWITCH               CODE          00000AF0 - 00000DBF         2D0   rel    1
<CODE> 1             CODE          00000DC0 - 000010B9         2FA   rel    1
HUGE_F               CODE               000010BA                     dse    0
INITTAB              CODE          000010BA - 000010C7           E   rel    0
NEAR_ID              CODE          000010C8 - 0000122C         165   rel    0
<ERRATA1> 1          CODE          00001C36 - 00001C3B           6   rel    1
<ERRATA> 1           CODE          00001C48 - 00001C4D           6   rel    1
<CODE> 2             CODE          00001C58 - 00002B3F         EE8   rel    1
FARCODE              CODE          00002B40 - 000102E5        D7A6   rel    1
ABSOLUTE             DATA               0000001F                     rel    0
                     DATA               00000020                   
                     DATA          00000027 - 0000002E           8 
                     DATA          00000032 - 00000034           3 
                     DATA          0000003B - 0000003D           3 
                     DATA          00000044 - 00000047           4 
                     DATA          00000054 - 00000054           1 
                     DATA          0000005B - 0000005C           2 
                     DATA          0000005F - 00000060           2 
                     DATA          00000068 - 00000068           1 
                     DATA          0000006D - 0000006E           2 
                     DATA          00000070 - 00000071           2 
                     DATA          00000078 - 0000007C           5 
                     DATA          00000091 - 00000091           1 
                     DATA          00000098 - 00000099           2 
                     DATA          000000B0 - 000000B1           2 
                     DATA          000000B3 - 000000B3           1 
                     DATA          000000C0 - 000000C1           2 
                     DATA          000000C4 - 000000C6           3 
                     DATA          000000C8 - 000000CA           3 
                     DATA          000000CC - 000000CE           3 
                     DATA          000000D0 - 000000D2           3 
                     DATA          000000D4 - 000000D6           3 
                     DATA          00000101 - 00000108           8 
                     DATA          00000130 - 00000132           3 
                     DATA          00000134 - 00000136           3 
MY_SEG               DATA          00000200 - 00000DF7         BF8   rel    0
ABSOLUTE             DATA          00000E60 - 00000E63           4   rel    0
                     DATA          00000E6A - 00000E6E           5 
NEAR_I               DATA          00000E70 - 00000FD4         165   rel    0
NEAR_Z               DATA          00000FD5 - 00001FF5        1021   rel    0
RSTACK               DATA          00001FF6 - 00002035          40   dse    0
CSTACK               DATA          00002036 - 00002135         100   dse    0
NEAR_N               DATA          00002136 - 00002148          13   rel    0
MY_STACK1            DATA          000021E0 - 000021E1           2   rel    0
EEPROM_AN            XDATA         00000000 - 00000003           4   rel    0
EEPROM_AN            XDATA         0000000A - 0000000C           3   rel    0
                     CODE          000000FF - 000000FF           1  aseg  

                ****************************************
                *                                      *
                *        END OF CROSS REFERENCE        *
                *                                      *
                ****************************************

 63 659 bytes of CODE  memory (+  1 absolute )
  7 891 bytes of DATA  memory (+ 85 absolute )
      0 bytes of XDATA memory (+  7 absolute )

Errors: none
Warnings: none

