###############################################################################
#                                                                             #
#     IAR Systems AVR Assembler V4.12A/W32 01/Sep/2025  13:49:17              #
#     Copyright 2005 IAR Systems. All rights reserved.                        #
#                                                                             #
#           Target option =  Relative jumps do not wrap                       #
#           Source file   =  E:\sim800Elam2560_bootnew_i2cerr_a7682e\testboot.s90#
#           List file     =  E:\sim800Elam2560_bootnew_i2cerr_a7682e\Debug\List\testboot.lst#
#           Object file   =  E:\sim800Elam2560_bootnew_i2cerr_a7682e\Debug\Obj\testboot.r90#
#           Command line  =  E:\sim800Elam2560_bootnew_i2cerr_a7682e\testboot.s90 #
#                            -v5                                              #
#                            -OE:\sim800Elam2560_bootnew_i2cerr_a7682e\Debug\Obj\ #
#                            -s+ -w+ -r -M<>                                  #
#                            -LE:\sim800Elam2560_bootnew_i2cerr_a7682e\Debug\List\ #
#                            -t8 -u_enhancedCore -D__HAS_ENHANCED_CORE__=1    #
#                            -D__HAS_MUL__=1                                  #
#                            -IE:\box\IAR Systems\Embedded Workbench 4.0 Evaluation\avr\INC\ #
#                            -D__MEMORY_MODEL__=2 -D__ATmega2560__=1          #
#                            -D__HAS_ELPM__=1                                 #
#                                                                             #
###############################################################################

      1    00000000              #include "inc.h"
      2    00000000              
      3    00000000              PUBLIC read_boot_ver
      4    00000000              EXTERN buf_boot_ver      ; массив 10 байт куда
                                                           скидивается название
                                                           секции boot описан в
                                                           idterm1.c
      5    00000000              
      6    00000000              SPMEN   EQU  0
      7    00000001              PGERS   EQU  1
      8    00000002              PGWRT   EQU  2
      9    00000003              BLBSET  EQU  3
     10    00000004              RWWSRE  EQU  4
     11    00000006              RWWSB   EQU  6
     12    00000007              SPMIE   EQU  7
     13    00000000              
     14    00000000              
     15    00000001              EEWE    EQU  1  
     16    00000000              
     17    00000000              
     18    00000000              sfrb SPMCR = 0x37;
     19    00000000              sfrb SREG = 0x3F;   
     20    00000000              sfrb EECR = 0x1F; 
     21    00000000              sfrb RAMPZ = 59 
     22    00000000              sfrb EIND = 0x3C;
     23    00000000               
     24    00000000              RSEG BOOTLOADER:CODE
     25    00000000              point_loader:
     26    00000000              #ifdef version_s_zagruzchk
     28    00000000              #endif
     29    00000000              
     30    00000000              RSEG CODE
     31    00000000              
     32    00000000                     
     33    00000000               Do_spm_pp:
     34    00000000                           ; check for previous SPM
                                  complete
     35    00000000               Wait_spm_pp:
     36    00000000               ;lds  r16, SPMCR
     37    00000000 B707          in r16, SPMCR
     38    00000002 FD00          sbrc r16, SPMEN
     39    00000004 CFFD          rjmp Wait_spm_pp
     40    00000006                            ; input: r20 determines SPM
                                  action
     41    00000006                            ; disable interrupts if enabled,
                                  store status
     42    00000006 B71F          in r17, SREG
     43    00000008 94F8          cli
     44    0000000A                  
     45    0000000A                            ; check that no EEPROM write
                                  access is present
     46    0000000A               
     47    0000000A                
     48    0000000A               Wait_ee_pp:
     49    0000000A 99F9          sbic EECR, EEWE
     50    0000000C CFFE          rjmp Wait_ee_pp
     51    0000000E                            ; SPM timed sequence
     52    0000000E               //sts SPMCR, r20
     53    0000000E               ;DW 0x95e8
     54    0000000E BF47          out SPMCR, r20
     55    00000010 95E8          spm            ; restore SREG (to enable
                                                  interrupts if originally
                                                  enabled)
     56    00000012 BF1F          out SREG, r17
     57    00000014 9508          ret        
     58    00000016              
     59    00000016              read_boot_ver:
     60    00000016              
     61    00000016 930F             push r16
     62    00000018 931F             push r17
     63    0000001A 93EF             push r30
     64    0000001C 93FF             push r31
     65    0000001E 93CF             push r28
     66    00000020 93DF             push r29
     67    00000022 934F             push r20
     68    00000024 920F             push r0
     69    00000026 921F             push r1
     70    00000028 938F             push r24
     71    0000002A 939F             push r25
     72    0000002C 935F             push r21
     73    0000002E              
     74    0000002E              
     75    0000002E              
     76    0000002E              ;------ похоже этого не надо для чтения из
                                  памяти
     77    0000002E              ;ldi r20, (1<<RWWSRE) | (1<<SPMEN)
     78    0000002E              ;call Do_spm_pp
     79    0000002E              ;------ похоже этого не надо для чтения из
                                  памяти
     80    0000002E              ; адрес строки версии лодера
     81    0000002E              ;  ldi r30,low(point_loader)
     82    0000002E              ;  ldi r31,high(point_loader>>8)
     83    0000002E              
     84    0000002E EEE0           ldi r30,0xE0       ; FFFE адрес boota
     85    00000030 EFFF           ldi r31,0xFF
     86    00000032                
     87    00000032              ; куда скинуть даныые в память
     88    00000032 ....            ldi r28, low(buf_boot_ver)  
     89    00000034 ....            ldi r29, high(buf_boot_ver) 
     90    00000036 E083            ldi r24,3
     91    00000038 BF8B            out RAMPZ,r24    ; четвертая страница
     92    0000003A E087            ldi r24,7       ; десять символов
     93    0000003C               Rdloop2_pp:
     94    0000003C 95D8            elpm 
     95    0000003E 9631            adiw r30,1
     96    00000040 9209            st  Y+,r0;
     97    00000042 5081            subi r24, 1 
     98    00000044 F7D9            brne Rdloop2_pp
     99    00000046                 
    100    00000046 915F            pop r21 
    101    00000048 919F            pop r25
    102    0000004A 918F            pop r24
    103    0000004C 901F            pop r1
    104    0000004E 900F            pop r0
    105    00000050 914F            pop r20
    106    00000052 91DF            pop r29
    107    00000054 91CF            pop r28
    108    00000056 91FF            pop r31
    109    00000058 91EF            pop r30
    110    0000005A 911F            pop r17
    111    0000005C 910F            pop r16
    112    0000005E                 
    113    0000005E                 
    114    0000005E                 
    115    0000005E 9508            ret
    116    00000060              
    117    00000060              end
##############################
#          CRC:F22E          #
#        Errors:   0         #
#        Warnings: 0         #
#         Bytes: 96          #
##############################



